Archive member included to satisfy reference by file (symbol)

c:/soft/stm32cubeide_1.6.0/stm32cubeide/plugins/com.st.stm32cube.ide.mcu.externaltools.gnu-tools-for-stm32.9-2020-q2-update.win32_1.5.0.202011040924/tools/bin/../lib/gcc/arm-none-eabi/9.3.1/../../../../arm-none-eabi/lib/thumb/v7e-m+fp/hard\libstdc++_nano.a(del_op.o)
                              Core/Src/icm42605.o (operator delete(void*))
c:/soft/stm32cubeide_1.6.0/stm32cubeide/plugins/com.st.stm32cube.ide.mcu.externaltools.gnu-tools-for-stm32.9-2020-q2-update.win32_1.5.0.202011040924/tools/bin/../lib/gcc/arm-none-eabi/9.3.1/../../../../arm-none-eabi/lib/thumb/v7e-m+fp/hard\libstdc++_nano.a(new_op.o)
                              Core/Src/icm42605.o (operator new(unsigned int))
c:/soft/stm32cubeide_1.6.0/stm32cubeide/plugins/com.st.stm32cube.ide.mcu.externaltools.gnu-tools-for-stm32.9-2020-q2-update.win32_1.5.0.202011040924/tools/bin/../lib/gcc/arm-none-eabi/9.3.1/../../../../arm-none-eabi/lib/thumb/v7e-m+fp/hard\libstdc++_nano.a(functexcept.o)
                              Core/Src/icm42605.o (std::__throw_bad_alloc())
c:/soft/stm32cubeide_1.6.0/stm32cubeide/plugins/com.st.stm32cube.ide.mcu.externaltools.gnu-tools-for-stm32.9-2020-q2-update.win32_1.5.0.202011040924/tools/bin/../lib/gcc/arm-none-eabi/9.3.1/../../../../arm-none-eabi/lib/thumb/v7e-m+fp/hard\libstdc++_nano.a(snprintf_lite.o)
                              c:/soft/stm32cubeide_1.6.0/stm32cubeide/plugins/com.st.stm32cube.ide.mcu.externaltools.gnu-tools-for-stm32.9-2020-q2-update.win32_1.5.0.202011040924/tools/bin/../lib/gcc/arm-none-eabi/9.3.1/../../../../arm-none-eabi/lib/thumb/v7e-m+fp/hard\libstdc++_nano.a(functexcept.o) (__gnu_cxx::__snprintf_lite(char*, unsigned int, char const*, std::__va_list))
c:/soft/stm32cubeide_1.6.0/stm32cubeide/plugins/com.st.stm32cube.ide.mcu.externaltools.gnu-tools-for-stm32.9-2020-q2-update.win32_1.5.0.202011040924/tools/bin/../lib/gcc/arm-none-eabi/9.3.1/../../../../arm-none-eabi/lib/thumb/v7e-m+fp/hard\libstdc++_nano.a(new_handler.o)
                              c:/soft/stm32cubeide_1.6.0/stm32cubeide/plugins/com.st.stm32cube.ide.mcu.externaltools.gnu-tools-for-stm32.9-2020-q2-update.win32_1.5.0.202011040924/tools/bin/../lib/gcc/arm-none-eabi/9.3.1/../../../../arm-none-eabi/lib/thumb/v7e-m+fp/hard\libstdc++_nano.a(new_op.o) (std::get_new_handler())
c:/soft/stm32cubeide_1.6.0/stm32cubeide/plugins/com.st.stm32cube.ide.mcu.externaltools.gnu-tools-for-stm32.9-2020-q2-update.win32_1.5.0.202011040924/tools/bin/../lib/gcc/arm-none-eabi/9.3.1/../../../../arm-none-eabi/lib/thumb/v7e-m+fp/hard\libm.a(lib_a-w_sqrt.o)
                              Core/Src/icm42605.o (sqrt)
c:/soft/stm32cubeide_1.6.0/stm32cubeide/plugins/com.st.stm32cube.ide.mcu.externaltools.gnu-tools-for-stm32.9-2020-q2-update.win32_1.5.0.202011040924/tools/bin/../lib/gcc/arm-none-eabi/9.3.1/../../../../arm-none-eabi/lib/thumb/v7e-m+fp/hard\libm.a(lib_a-wf_asin.o)
                              Core/Src/icm42605.o (asinf)
c:/soft/stm32cubeide_1.6.0/stm32cubeide/plugins/com.st.stm32cube.ide.mcu.externaltools.gnu-tools-for-stm32.9-2020-q2-update.win32_1.5.0.202011040924/tools/bin/../lib/gcc/arm-none-eabi/9.3.1/../../../../arm-none-eabi/lib/thumb/v7e-m+fp/hard\libm.a(lib_a-e_sqrt.o)
                              c:/soft/stm32cubeide_1.6.0/stm32cubeide/plugins/com.st.stm32cube.ide.mcu.externaltools.gnu-tools-for-stm32.9-2020-q2-update.win32_1.5.0.202011040924/tools/bin/../lib/gcc/arm-none-eabi/9.3.1/../../../../arm-none-eabi/lib/thumb/v7e-m+fp/hard\libm.a(lib_a-w_sqrt.o) (__ieee754_sqrt)
c:/soft/stm32cubeide_1.6.0/stm32cubeide/plugins/com.st.stm32cube.ide.mcu.externaltools.gnu-tools-for-stm32.9-2020-q2-update.win32_1.5.0.202011040924/tools/bin/../lib/gcc/arm-none-eabi/9.3.1/../../../../arm-none-eabi/lib/thumb/v7e-m+fp/hard\libm.a(lib_a-ef_asin.o)
                              c:/soft/stm32cubeide_1.6.0/stm32cubeide/plugins/com.st.stm32cube.ide.mcu.externaltools.gnu-tools-for-stm32.9-2020-q2-update.win32_1.5.0.202011040924/tools/bin/../lib/gcc/arm-none-eabi/9.3.1/../../../../arm-none-eabi/lib/thumb/v7e-m+fp/hard\libm.a(lib_a-wf_asin.o) (__ieee754_asinf)
c:/soft/stm32cubeide_1.6.0/stm32cubeide/plugins/com.st.stm32cube.ide.mcu.externaltools.gnu-tools-for-stm32.9-2020-q2-update.win32_1.5.0.202011040924/tools/bin/../lib/gcc/arm-none-eabi/9.3.1/../../../../arm-none-eabi/lib/thumb/v7e-m+fp/hard\libm.a(lib_a-ef_sqrt.o)
                              c:/soft/stm32cubeide_1.6.0/stm32cubeide/plugins/com.st.stm32cube.ide.mcu.externaltools.gnu-tools-for-stm32.9-2020-q2-update.win32_1.5.0.202011040924/tools/bin/../lib/gcc/arm-none-eabi/9.3.1/../../../../arm-none-eabi/lib/thumb/v7e-m+fp/hard\libm.a(lib_a-ef_asin.o) (__ieee754_sqrtf)
[...]
Memory Configuration

Name             Origin             Length             Attributes
RAM              0x0000000020000000 0x0000000000020000 xrw
FLASH            0x0000000008000000 0x0000000000080000 xr
*default*        0x0000000000000000 0xffffffffffffffff

Linker script and memory map

LOAD c:/soft/stm32cubeide_1.6.0/stm32cubeide/plugins/com.st.stm32cube.ide.mcu.externaltools.gnu-tools-for-stm32.9-2020-q2-update.win32_1.5.0.202011040924/tools/bin/../lib/gcc/arm-none-eabi/9.3.1/thumb/v7e-m+fp/hard/crti.o
LOAD c:/soft/stm32cubeide_1.6.0/stm32cubeide/plugins/com.st.stm32cube.ide.mcu.externaltools.gnu-tools-for-stm32.9-2020-q2-update.win32_1.5.0.202011040924/tools/bin/../lib/gcc/arm-none-eabi/9.3.1/thumb/v7e-m+fp/hard/crtbegin.o
LOAD c:/soft/stm32cubeide_1.6.0/stm32cubeide/plugins/com.st.stm32cube.ide.mcu.externaltools.gnu-tools-for-stm32.9-2020-q2-update.win32_1.5.0.202011040924/tools/bin/../lib/gcc/arm-none-eabi/9.3.1/../../../../arm-none-eabi/lib/thumb/v7e-m+fp/hard/crt0.o
LOAD Core/Src/icm42605.o
LOAD Core/Src/kalman.o
LOAD Core/Src/main.o
LOAD Core/Src/matrix_math.o
LOAD Core/Src/stm32g4xx_hal_msp.o
LOAD Core/Src/stm32g4xx_it.o
LOAD Core/Src/syscalls.o
LOAD Core/Src/sysmem.o
LOAD Core/Src/system_stm32g4xx.o
LOAD Core/Startup/startup_stm32g473cetx.o
LOAD Drivers/STM32G4xx_HAL_Driver/Src/stm32g4xx_hal.o
LOAD Drivers/STM32G4xx_HAL_Driver/Src/stm32g4xx_hal_cortex.o
LOAD Drivers/STM32G4xx_HAL_Driver/Src/stm32g4xx_hal_dma.o
LOAD Drivers/STM32G4xx_HAL_Driver/Src/stm32g4xx_hal_dma_ex.o
LOAD Drivers/STM32G4xx_HAL_Driver/Src/stm32g4xx_hal_exti.o
LOAD Drivers/STM32G4xx_HAL_Driver/Src/stm32g4xx_hal_flash.o
LOAD Drivers/STM32G4xx_HAL_Driver/Src/stm32g4xx_hal_flash_ex.o
LOAD Drivers/STM32G4xx_HAL_Driver/Src/stm32g4xx_hal_flash_ramfunc.o
LOAD Drivers/STM32G4xx_HAL_Driver/Src/stm32g4xx_hal_gpio.o
LOAD Drivers/STM32G4xx_HAL_Driver/Src/stm32g4xx_hal_i2c.o
LOAD Drivers/STM32G4xx_HAL_Driver/Src/stm32g4xx_hal_i2c_ex.o
LOAD Drivers/STM32G4xx_HAL_Driver/Src/stm32g4xx_hal_pwr.o
LOAD Drivers/STM32G4xx_HAL_Driver/Src/stm32g4xx_hal_pwr_ex.o
LOAD Drivers/STM32G4xx_HAL_Driver/Src/stm32g4xx_hal_rcc.o
LOAD Drivers/STM32G4xx_HAL_Driver/Src/stm32g4xx_hal_rcc_ex.o
LOAD Drivers/STM32G4xx_HAL_Driver/Src/stm32g4xx_hal_tim.o
LOAD Drivers/STM32G4xx_HAL_Driver/Src/stm32g4xx_hal_tim_ex.o
START GROUP
LOAD c:/soft/stm32cubeide_1.6.0/stm32cubeide/plugins/com.st.stm32cube.ide.mcu.externaltools.gnu-tools-for-stm32.9-2020-q2-update.win32_1.5.0.202011040924/tools/bin/../lib/gcc/arm-none-eabi/9.3.1/../../../../arm-none-eabi/lib/thumb/v7e-m+fp/hard\libstdc++_nano.a
LOAD c:/soft/stm32cubeide_1.6.0/stm32cubeide/plugins/com.st.stm32cube.ide.mcu.externaltools.gnu-tools-for-stm32.9-2020-q2-update.win32_1.5.0.202011040924/tools/bin/../lib/gcc/arm-none-eabi/9.3.1/../../../../arm-none-eabi/lib/thumb/v7e-m+fp/hard\libsupc++_nano.a
END GROUP
LOAD c:/soft/stm32cubeide_1.6.0/stm32cubeide/plugins/com.st.stm32cube.ide.mcu.externaltools.gnu-tools-for-stm32.9-2020-q2-update.win32_1.5.0.202011040924/tools/bin/../lib/gcc/arm-none-eabi/9.3.1/../../../../arm-none-eabi/lib/thumb/v7e-m+fp/hard\libstdc++_nano.a
LOAD c:/soft/stm32cubeide_1.6.0/stm32cubeide/plugins/com.st.stm32cube.ide.mcu.externaltools.gnu-tools-for-stm32.9-2020-q2-update.win32_1.5.0.202011040924/tools/bin/../lib/gcc/arm-none-eabi/9.3.1/../../../../arm-none-eabi/lib/thumb/v7e-m+fp/hard\libm.a
LOAD c:/soft/stm32cubeide_1.6.0/stm32cubeide/plugins/com.st.stm32cube.ide.mcu.externaltools.gnu-tools-for-stm32.9-2020-q2-update.win32_1.5.0.202011040924/tools/bin/../lib/gcc/arm-none-eabi/9.3.1/../../../../arm-none-eabi/lib/thumb/v7e-m+fp/hard\libc_nano.a
START GROUP
LOAD c:/soft/stm32cubeide_1.6.0/stm32cubeide/plugins/com.st.stm32cube.ide.mcu.externaltools.gnu-tools-for-stm32.9-2020-q2-update.win32_1.5.0.202011040924/tools/bin/../lib/gcc/arm-none-eabi/9.3.1/thumb/v7e-m+fp/hard\libgcc.a
LOAD c:/soft/stm32cubeide_1.6.0/stm32cubeide/plugins/com.st.stm32cube.ide.mcu.externaltools.gnu-tools-for-stm32.9-2020-q2-update.win32_1.5.0.202011040924/tools/bin/../lib/gcc/arm-none-eabi/9.3.1/../../../../arm-none-eabi/lib/thumb/v7e-m+fp/hard\libc_nano.a
END GROUP
START GROUP
LOAD c:/soft/stm32cubeide_1.6.0/stm32cubeide/plugins/com.st.stm32cube.ide.mcu.externaltools.gnu-tools-for-stm32.9-2020-q2-update.win32_1.5.0.202011040924/tools/bin/../lib/gcc/arm-none-eabi/9.3.1/thumb/v7e-m+fp/hard\libgcc.a
LOAD c:/soft/stm32cubeide_1.6.0/stm32cubeide/plugins/com.st.stm32cube.ide.mcu.externaltools.gnu-tools-for-stm32.9-2020-q2-update.win32_1.5.0.202011040924/tools/bin/../lib/gcc/arm-none-eabi/9.3.1/../../../../arm-none-eabi/lib/thumb/v7e-m+fp/hard\libc_nano.a
LOAD c:/soft/stm32cubeide_1.6.0/stm32cubeide/plugins/com.st.stm32cube.ide.mcu.externaltools.gnu-tools-for-stm32.9-2020-q2-update.win32_1.5.0.202011040924/tools/bin/../lib/gcc/arm-none-eabi/9.3.1/../../../../arm-none-eabi/lib/thumb/v7e-m+fp/hard\libnosys.a
END GROUP
START GROUP
LOAD c:/soft/stm32cubeide_1.6.0/stm32cubeide/plugins/com.st.stm32cube.ide.mcu.externaltools.gnu-tools-for-stm32.9-2020-q2-update.win32_1.5.0.202011040924/tools/bin/../lib/gcc/arm-none-eabi/9.3.1/thumb/v7e-m+fp/hard\libgcc.a
LOAD c:/soft/stm32cubeide_1.6.0/stm32cubeide/plugins/com.st.stm32cube.ide.mcu.externaltools.gnu-tools-for-stm32.9-2020-q2-update.win32_1.5.0.202011040924/tools/bin/../lib/gcc/arm-none-eabi/9.3.1/../../../../arm-none-eabi/lib/thumb/v7e-m+fp/hard\libc_nano.a
LOAD c:/soft/stm32cubeide_1.6.0/stm32cubeide/plugins/com.st.stm32cube.ide.mcu.externaltools.gnu-tools-for-stm32.9-2020-q2-update.win32_1.5.0.202011040924/tools/bin/../lib/gcc/arm-none-eabi/9.3.1/../../../../arm-none-eabi/lib/thumb/v7e-m+fp/hard\libnosys.a
END GROUP
LOAD c:/soft/stm32cubeide_1.6.0/stm32cubeide/plugins/com.st.stm32cube.ide.mcu.externaltools.gnu-tools-for-stm32.9-2020-q2-update.win32_1.5.0.202011040924/tools/bin/../lib/gcc/arm-none-eabi/9.3.1/thumb/v7e-m+fp/hard/crtend.o
LOAD c:/soft/stm32cubeide_1.6.0/stm32cubeide/plugins/com.st.stm32cube.ide.mcu.externaltools.gnu-tools-for-stm32.9-2020-q2-update.win32_1.5.0.202011040924/tools/bin/../lib/gcc/arm-none-eabi/9.3.1/thumb/v7e-m+fp/hard/crtn.o
                0x0000000020020000                _estack = (ORIGIN (RAM) + LENGTH (RAM))
                0x0000000000000200                _Min_Heap_Size = 0x200
                0x0000000000000400                _Min_Stack_Size = 0x400

.isr_vector     0x0000000008000000      0x1d8
                0x0000000008000000                . = ALIGN (0x4)
 *(.isr_vector)
 .isr_vector    0x0000000008000000      0x1d8 Core/Startup/startup_stm32g473cetx.o
                0x0000000008000000                g_pfnVectors
                0x00000000080001d8                . = ALIGN (0x4)

.text           0x00000000080001d8     0x8f20
                0x00000000080001d8                . = ALIGN (0x4)
 *(.text)
 .text          0x00000000080001d8       0x40 c:/soft/stm32cubeide_1.6.0/stm32cubeide/plugins/com.st.stm32cube.ide.mcu.externaltools.gnu-tools-for-stm32.9-2020-q2-update.win32_1.5.0.202011040924/tools/bin/../lib/gcc/arm-none-eabi/9.3.1/thumb/v7e-m+fp/hard/crtbegin.o
 .text          0x0000000008000218      0x378 c:/soft/stm32cubeide_1.6.0/stm32cubeide/plugins/com.st.stm32cube.ide.mcu.externaltools.gnu-tools-for-stm32.9-2020-q2-update.win32_1.5.0.202011040924/tools/bin/../lib/gcc/arm-none-eabi/9.3.1/thumb/v7e-m+fp/hard\libgcc.a(_arm_addsubdf3.o)
                0x0000000008000218                __aeabi_drsub
                0x0000000008000220                __aeabi_dsub
                0x0000000008000220                __subdf3
                0x0000000008000224                __aeabi_dadd
                0x0000000008000224                __adddf3
                0x000000000800049c                __floatunsidf
                0x000000000800049c                __aeabi_ui2d
                0x00000000080004bc                __floatsidf
                0x00000000080004bc                __aeabi_i2d
                0x00000000080004e0                __aeabi_f2d
                0x00000000080004e0                __extendsfdf2
                0x0000000008000524                __floatundidf
                0x0000000008000524                __aeabi_ul2d
                0x0000000008000534                __floatdidf
                0x0000000008000534                __aeabi_l2d
 .text          0x0000000008000590      0x424 c:/soft/stm32cubeide_1.6.0/stm32cubeide/plugins/com.st.stm32cube.ide.mcu.externaltools.gnu-tools-for-stm32.9-2020-q2-update.win32_1.5.0.202011040924/tools/bin/../lib/gcc/arm-none-eabi/9.3.1/thumb/v7e-m+fp/hard\libgcc.a(_arm_muldivdf3.o)
                0x0000000008000590                __aeabi_dmul
                0x0000000008000590                __muldf3
                0x00000000080007e4                __divdf3
                0x00000000080007e4                __aeabi_ddiv
 .text          0x00000000080009b4      0x110 c:/soft/stm32cubeide_1.6.0/stm32cubeide/plugins/com.st.stm32cube.ide.mcu.externaltools.gnu-tools-for-stm32.9-2020-q2-update.win32_1.5.0.202011040924/tools/bin/../lib/gcc/arm-none-eabi/9.3.1/thumb/v7e-m+fp/hard\libgcc.a(_arm_cmpdf2.o)
                0x00000000080009b4                __gtdf2
                0x00000000080009b4                __gedf2
                0x00000000080009bc                __ltdf2
                0x00000000080009bc                __ledf2
                0x00000000080009c4                __nedf2
                0x00000000080009c4                __eqdf2
                0x00000000080009c4                __cmpdf2
                0x0000000008000a40                __aeabi_cdrcmple
                0x0000000008000a50                __aeabi_cdcmpeq
                0x0000000008000a50                __aeabi_cdcmple
                0x0000000008000a60                __aeabi_dcmpeq
                0x0000000008000a74                __aeabi_dcmplt
                0x0000000008000a88                __aeabi_dcmple
                0x0000000008000a9c                __aeabi_dcmpge
                0x0000000008000ab0                __aeabi_dcmpgt
 .text          0x0000000008000ac4       0x2c c:/soft/stm32cubeide_1.6.0/stm32cubeide/plugins/com.st.stm32cube.ide.mcu.externaltools.gnu-tools-for-stm32.9-2020-q2-update.win32_1.5.0.202011040924/tools/bin/../lib/gcc/arm-none-eabi/9.3.1/thumb/v7e-m+fp/hard\libgcc.a(_arm_unorddf2.o)
                0x0000000008000ac4                __unorddf2
                0x0000000008000ac4                __aeabi_dcmpun
 .text          0x0000000008000af0       0xa0 c:/soft/stm32cubeide_1.6.0/stm32cubeide/plugins/com.st.stm32cube.ide.mcu.externaltools.gnu-tools-for-stm32.9-2020-q2-update.win32_1.5.0.202011040924/tools/bin/../lib/gcc/arm-none-eabi/9.3.1/thumb/v7e-m+fp/hard\libgcc.a(_arm_truncdfsf2.o)
                0x0000000008000af0                __truncdfsf2
                0x0000000008000af0                __aeabi_d2f
 *(.text*)
 .text._ZnwjPv  0x0000000008000b90       0x18 Core/Src/icm42605.o
                0x0000000008000b90                operator new(unsigned int, void*)
 .text._ZSt4asinf
                0x0000000008000ba8       0x20 Core/Src/icm42605.o
                0x0000000008000ba8                std::asin(float)
 .text._ZNSt12_Vector_baseISt6vectorIfSaIfEESaIS2_EE12_Vector_implD2Ev
                0x0000000008000bc8       0x18 Core/Src/icm42605.o
                0x0000000008000bc8                std::_Vector_base<std::vector<float, std::allocator<float> >, std::allocator<std::vector<float, std::allocator<float> > > >::_Vector_impl::~_Vector_impl()
                0x0000000008000bc8                std::_Vector_base<std::vector<float, std::allocator<float> >, std::allocator<std::vector<float, std::allocator<float> > > >::_Vector_impl::~_Vector_impl()
 .text._ZNSt12_Vector_baseISt6vectorIfSaIfEESaIS2_EEC2Ev
                0x0000000008000be0       0x1a Core/Src/icm42605.o
                0x0000000008000be0                std::_Vector_base<std::vector<float, std::allocator<float> >, std::allocator<std::vector<float, std::allocator<float> > > >::_Vector_base()
                0x0000000008000be0                std::_Vector_base<std::vector<float, std::allocator<float> >, std::allocator<std::vector<float, std::allocator<float> > > >::_Vector_base()
 .text._ZNSt6vectorIS_IfSaIfEESaIS1_EEC2Ev
                0x0000000008000bfa       0x1a Core/Src/icm42605.o
                0x0000000008000bfa                std::vector<std::vector<float, std::allocator<float> >, std::allocator<std::vector<float, std::allocator<float> > > >::vector()
                0x0000000008000bfa                std::vector<std::vector<float, std::allocator<float> >, std::allocator<std::vector<float, std::allocator<float> > > >::vector()
 .text._ZNSt12_Vector_baseIfSaIfEE12_Vector_implD2Ev
                0x0000000008000c14       0x18 Core/Src/icm42605.o
                0x0000000008000c14                std::_Vector_base<float, std::allocator<float> >::_Vector_impl::~_Vector_impl()
                0x0000000008000c14                std::_Vector_base<float, std::allocator<float> >::_Vector_impl::~_Vector_impl()
 .text._ZNSt12_Vector_baseIfSaIfEEC2Ev
                0x0000000008000c2c       0x1a Core/Src/icm42605.o
                0x0000000008000c2c                std::_Vector_base<float, std::allocator<float> >::_Vector_base()
                0x0000000008000c2c                std::_Vector_base<float, std::allocator<float> >::_Vector_base()
 .text._ZNSt6vectorIfSaIfEEC2Ev
                0x0000000008000c46       0x1a Core/Src/icm42605.o
                0x0000000008000c46                std::vector<float, std::allocator<float> >::vector()
                0x0000000008000c46                std::vector<float, std::allocator<float> >::vector()
 .text._ZNSt12_Vector_baseIsSaIsEE12_Vector_implD2Ev
                0x0000000008000c60       0x18 Core/Src/icm42605.o
                0x0000000008000c60                std::_Vector_base<short, std::allocator<short> >::_Vector_impl::~_Vector_impl()
                0x0000000008000c60                std::_Vector_base<short, std::allocator<short> >::_Vector_impl::~_Vector_impl()
 .text._ZNSt12_Vector_baseIsSaIsEEC2Ev
                0x0000000008000c78       0x1a Core/Src/icm42605.o
                0x0000000008000c78                std::_Vector_base<short, std::allocator<short> >::_Vector_base()
                0x0000000008000c78                std::_Vector_base<short, std::allocator<short> >::_Vector_base()
 .text._ZNSt6vectorIsSaIsEEC2Ev
                0x0000000008000c92       0x1a Core/Src/icm42605.o
                0x0000000008000c92                std::vector<short, std::allocator<short> >::vector()
                0x0000000008000c92                std::vector<short, std::allocator<short> >::vector()
 .text._ZN8ICM42605C2Ev
                0x0000000008000cac       0x6a Core/Src/icm42605.o
                0x0000000008000cac                ICM42605::ICM42605()
                0x0000000008000cac                ICM42605::ICM42605()
 .text._ZN8ICM42605D2Ev
                0x0000000008000d16       0x42 Core/Src/icm42605.o
                0x0000000008000d16                ICM42605::~ICM42605()
                0x0000000008000d16                ICM42605::~ICM42605()
 .text._ZN8ICM426054InitEv
                0x0000000008000d58       0x88 Core/Src/icm42605.o
                0x0000000008000d58                ICM42605::Init()
 .text._ZN8ICM426057ReadAccEv
                0x0000000008000de0      0x224 Core/Src/icm42605.o
                0x0000000008000de0                ICM42605::ReadAcc()
 .text._ZN8ICM4260513GyroCalibrateEv
                0x0000000008001004       0xd0 Core/Src/icm42605.o
                0x0000000008001004                ICM42605::GyroCalibrate()
 .text._ZN8ICM426058ReadGyroEv
                0x00000000080010d4      0x1a8 Core/Src/icm42605.o
                0x00000000080010d4                ICM42605::ReadGyro()
 .text._ZNSt12_Vector_baseISt6vectorIfSaIfEESaIS2_EE12_Vector_implC2Ev
                0x000000000800127c       0x20 Core/Src/icm42605.o
                0x000000000800127c                std::_Vector_base<std::vector<float, std::allocator<float> >, std::allocator<std::vector<float, std::allocator<float> > > >::_Vector_impl::_Vector_impl()
                0x000000000800127c                std::_Vector_base<std::vector<float, std::allocator<float> >, std::allocator<std::vector<float, std::allocator<float> > > >::_Vector_impl::_Vector_impl()
 .text._ZNSaISt6vectorIfSaIfEEED2Ev
                0x000000000800129c       0x18 Core/Src/icm42605.o
                0x000000000800129c                std::allocator<std::vector<float, std::allocator<float> > >::~allocator()
                0x000000000800129c                std::allocator<std::vector<float, std::allocator<float> > >::~allocator()
 .text._ZNSt12_Vector_baseISt6vectorIfSaIfEESaIS2_EED2Ev
                0x00000000080012b4       0x3c Core/Src/icm42605.o
                0x00000000080012b4                std::_Vector_base<std::vector<float, std::allocator<float> >, std::allocator<std::vector<float, std::allocator<float> > > >::~_Vector_base()
                0x00000000080012b4                std::_Vector_base<std::vector<float, std::allocator<float> >, std::allocator<std::vector<float, std::allocator<float> > > >::~_Vector_base()
 .text._ZNSt6vectorIS_IfSaIfEESaIS1_EED2Ev
                0x00000000080012f0       0x36 Core/Src/icm42605.o
                0x00000000080012f0                std::vector<std::vector<float, std::allocator<float> >, std::allocator<std::vector<float, std::allocator<float> > > >::~vector()
                0x00000000080012f0                std::vector<std::vector<float, std::allocator<float> >, std::allocator<std::vector<float, std::allocator<float> > > >::~vector()
 .text._ZNSt12_Vector_baseIfSaIfEE12_Vector_implC2Ev
                0x0000000008001326       0x20 Core/Src/icm42605.o
                0x0000000008001326                std::_Vector_base<float, std::allocator<float> >::_Vector_impl::_Vector_impl()
                0x0000000008001326                std::_Vector_base<float, std::allocator<float> >::_Vector_impl::_Vector_impl()
 .text._ZNSaIfED2Ev
                0x0000000008001346       0x18 Core/Src/icm42605.o
                0x0000000008001346                std::allocator<float>::~allocator()
                0x0000000008001346                std::allocator<float>::~allocator()
 .text._ZNSt12_Vector_baseIfSaIfEED2Ev
                0x000000000800135e       0x32 Core/Src/icm42605.o
                0x000000000800135e                std::_Vector_base<float, std::allocator<float> >::~_Vector_base()
                0x000000000800135e                std::_Vector_base<float, std::allocator<float> >::~_Vector_base()
 .text._ZNSt6vectorIfSaIfEED2Ev
                0x0000000008001390       0x36 Core/Src/icm42605.o
                0x0000000008001390                std::vector<float, std::allocator<float> >::~vector()
                0x0000000008001390                std::vector<float, std::allocator<float> >::~vector()
 .text._ZNSt12_Vector_baseIsSaIsEE12_Vector_implC2Ev
                0x00000000080013c6       0x20 Core/Src/icm42605.o
                0x00000000080013c6                std::_Vector_base<short, std::allocator<short> >::_Vector_impl::_Vector_impl()
                0x00000000080013c6                std::_Vector_base<short, std::allocator<short> >::_Vector_impl::_Vector_impl()
 .text._ZNSaIsED2Ev
                0x00000000080013e6       0x18 Core/Src/icm42605.o
                0x00000000080013e6                std::allocator<short>::~allocator()
                0x00000000080013e6                std::allocator<short>::~allocator()
 .text._ZNSt12_Vector_baseIsSaIsEED2Ev
                0x00000000080013fe       0x32 Core/Src/icm42605.o
                0x00000000080013fe                std::_Vector_base<short, std::allocator<short> >::~_Vector_base()
                0x00000000080013fe                std::_Vector_base<short, std::allocator<short> >::~_Vector_base()
 .text._ZNSt6vectorIsSaIsEED2Ev
                0x0000000008001430       0x36 Core/Src/icm42605.o
                0x0000000008001430                std::vector<short, std::allocator<short> >::~vector()
                0x0000000008001430                std::vector<short, std::allocator<short> >::~vector()
 .text._ZNSt6vectorIfSaIfEEaSESt16initializer_listIfE
                0x0000000008001466       0x36 Core/Src/icm42605.o
                0x0000000008001466                std::vector<float, std::allocator<float> >::operator=(std::initializer_list<float>)
 .text._ZNSt6vectorIsSaIsEEaSESt16initializer_listIsE
                0x000000000800149c       0x36 Core/Src/icm42605.o
                0x000000000800149c                std::vector<short, std::allocator<short> >::operator=(std::initializer_list<short>)
 .text._ZNSt6vectorIsSaIsEEixEj
                0x00000000080014d2       0x20 Core/Src/icm42605.o
                0x00000000080014d2                std::vector<short, std::allocator<short> >::operator[](unsigned int)
 .text._ZSt4sqrtIiEN9__gnu_cxx11__enable_ifIXsrSt12__is_integerIT_E7__valueEdE6__typeES3_
                0x00000000080014f2       0x30 Core/Src/icm42605.o
                0x00000000080014f2                __gnu_cxx::__enable_if<std::__is_integer<int>::__value, double>::__type std::sqrt<int>(int)
 .text._ZNSaIfEC2Ev
                0x0000000008001522       0x18 Core/Src/icm42605.o
                0x0000000008001522                std::allocator<float>::allocator()
                0x0000000008001522                std::allocator<float>::allocator()
 .text._ZNSt6vectorIfSaIfEEC2ESt16initializer_listIfERKS0_
                0x000000000800153a       0x42 Core/Src/icm42605.o
                0x000000000800153a                std::vector<float, std::allocator<float> >::vector(std::initializer_list<float>, std::allocator<float> const&)
                0x000000000800153a                std::vector<float, std::allocator<float> >::vector(std::initializer_list<float>, std::allocator<float> const&)
 .text._ZNSt6vectorIS_IfSaIfEESaIS1_EEaSESt16initializer_listIS1_E
                0x000000000800157c       0x36 Core/Src/icm42605.o
                0x000000000800157c                std::vector<std::vector<float, std::allocator<float> >, std::allocator<std::vector<float, std::allocator<float> > > >::operator=(std::initializer_list<std::vector<float, std::allocator<float> > >)
 .text._ZNSt6vectorIfSaIfEEixEj
                0x00000000080015b2       0x20 Core/Src/icm42605.o
                0x00000000080015b2                std::vector<float, std::allocator<float> >::operator[](unsigned int)
 .text._ZNSaISt6vectorIfSaIfEEEC2Ev
                0x00000000080015d2       0x18 Core/Src/icm42605.o
                0x00000000080015d2                std::allocator<std::vector<float, std::allocator<float> > >::allocator()
                0x00000000080015d2                std::allocator<std::vector<float, std::allocator<float> > >::allocator()
 .text._ZNSt12_Vector_baseISt6vectorIfSaIfEESaIS2_EE17_Vector_impl_dataC2Ev
                0x00000000080015ea       0x28 Core/Src/icm42605.o
                0x00000000080015ea                std::_Vector_base<std::vector<float, std::allocator<float> >, std::allocator<std::vector<float, std::allocator<float> > > >::_Vector_impl_data::_Vector_impl_data()
                0x00000000080015ea                std::_Vector_base<std::vector<float, std::allocator<float> >, std::allocator<std::vector<float, std::allocator<float> > > >::_Vector_impl_data::_Vector_impl_data()
 .text._ZN9__gnu_cxx13new_allocatorISt6vectorIfSaIfEEED2Ev
                0x0000000008001612       0x16 Core/Src/icm42605.o
                0x0000000008001612                __gnu_cxx::new_allocator<std::vector<float, std::allocator<float> > >::~new_allocator()
                0x0000000008001612                __gnu_cxx::new_allocator<std::vector<float, std::allocator<float> > >::~new_allocator()
 .text._ZNSt12_Vector_baseISt6vectorIfSaIfEESaIS2_EE13_M_deallocateEPS2_j
                0x0000000008001628       0x26 Core/Src/icm42605.o
                0x0000000008001628                std::_Vector_base<std::vector<float, std::allocator<float> >, std::allocator<std::vector<float, std::allocator<float> > > >::_M_deallocate(std::vector<float, std::allocator<float> >*, unsigned int)
 .text._ZNSt12_Vector_baseISt6vectorIfSaIfEESaIS2_EE19_M_get_Tp_allocatorEv
                0x000000000800164e       0x16 Core/Src/icm42605.o
                0x000000000800164e                std::_Vector_base<std::vector<float, std::allocator<float> >, std::allocator<std::vector<float, std::allocator<float> > > >::_M_get_Tp_allocator()
 .text._ZSt8_DestroyIPSt6vectorIfSaIfEES2_EvT_S4_RSaIT0_E
                0x0000000008001664       0x1c Core/Src/icm42605.o
                0x0000000008001664                void std::_Destroy<std::vector<float, std::allocator<float> >*, std::vector<float, std::allocator<float> > >(std::vector<float, std::allocator<float> >*, std::vector<float, std::allocator<float> >*, std::allocator<std::vector<float, std::allocator<float> > >&)
 .text._ZNSt12_Vector_baseIfSaIfEE17_Vector_impl_dataC2Ev
                0x0000000008001680       0x28 Core/Src/icm42605.o
                0x0000000008001680                std::_Vector_base<float, std::allocator<float> >::_Vector_impl_data::_Vector_impl_data()
                0x0000000008001680                std::_Vector_base<float, std::allocator<float> >::_Vector_impl_data::_Vector_impl_data()
 .text._ZN9__gnu_cxx13new_allocatorIfED2Ev
                0x00000000080016a8       0x16 Core/Src/icm42605.o
                0x00000000080016a8                __gnu_cxx::new_allocator<float>::~new_allocator()
                0x00000000080016a8                __gnu_cxx::new_allocator<float>::~new_allocator()
 .text._ZNSt12_Vector_baseIfSaIfEE13_M_deallocateEPfj
                0x00000000080016be       0x26 Core/Src/icm42605.o
                0x00000000080016be                std::_Vector_base<float, std::allocator<float> >::_M_deallocate(float*, unsigned int)
 .text._ZNSt12_Vector_baseIfSaIfEE19_M_get_Tp_allocatorEv
                0x00000000080016e4       0x16 Core/Src/icm42605.o
                0x00000000080016e4                std::_Vector_base<float, std::allocator<float> >::_M_get_Tp_allocator()
 .text._ZSt8_DestroyIPffEvT_S1_RSaIT0_E
                0x00000000080016fa       0x1c Core/Src/icm42605.o
                0x00000000080016fa                void std::_Destroy<float*, float>(float*, float*, std::allocator<float>&)
 .text._ZNSaIsEC2Ev
                0x0000000008001716       0x18 Core/Src/icm42605.o
                0x0000000008001716                std::allocator<short>::allocator()
                0x0000000008001716                std::allocator<short>::allocator()
 .text._ZNSt12_Vector_baseIsSaIsEE17_Vector_impl_dataC2Ev
                0x000000000800172e       0x28 Core/Src/icm42605.o
                0x000000000800172e                std::_Vector_base<short, std::allocator<short> >::_Vector_impl_data::_Vector_impl_data()
                0x000000000800172e                std::_Vector_base<short, std::allocator<short> >::_Vector_impl_data::_Vector_impl_data()
 .text._ZN9__gnu_cxx13new_allocatorIsED2Ev
                0x0000000008001756       0x16 Core/Src/icm42605.o
                0x0000000008001756                __gnu_cxx::new_allocator<short>::~new_allocator()
                0x0000000008001756                __gnu_cxx::new_allocator<short>::~new_allocator()
 .text._ZNSt12_Vector_baseIsSaIsEE13_M_deallocateEPsj
                0x000000000800176c       0x26 Core/Src/icm42605.o
                0x000000000800176c                std::_Vector_base<short, std::allocator<short> >::_M_deallocate(short*, unsigned int)
 .text._ZNSt12_Vector_baseIsSaIsEE19_M_get_Tp_allocatorEv
                0x0000000008001792       0x16 Core/Src/icm42605.o
                0x0000000008001792                std::_Vector_base<short, std::allocator<short> >::_M_get_Tp_allocator()
 .text._ZSt8_DestroyIPssEvT_S1_RSaIT0_E
                0x00000000080017a8       0x1c Core/Src/icm42605.o
                0x00000000080017a8                void std::_Destroy<short*, short>(short*, short*, std::allocator<short>&)
 .text._ZNKSt16initializer_listIfE5beginEv
                0x00000000080017c4       0x18 Core/Src/icm42605.o
                0x00000000080017c4                std::initializer_list<float>::begin() const
 .text._ZNKSt16initializer_listIfE3endEv
                0x00000000080017dc       0x24 Core/Src/icm42605.o
                0x00000000080017dc                std::initializer_list<float>::end() const
 .text._ZNSt6vectorIfSaIfEE13_M_assign_auxIPKfEEvT_S5_St20forward_iterator_tag
                0x0000000008001800      0x132 Core/Src/icm42605.o
                0x0000000008001800                void std::vector<float, std::allocator<float> >::_M_assign_aux<float const*>(float const*, float const*, std::forward_iterator_tag)
 .text._ZNKSt16initializer_listIsE5beginEv
                0x0000000008001932       0x18 Core/Src/icm42605.o
                0x0000000008001932                std::initializer_list<short>::begin() const
 .text._ZNKSt16initializer_listIsE3endEv
                0x000000000800194a       0x24 Core/Src/icm42605.o
                0x000000000800194a                std::initializer_list<short>::end() const
 .text._ZNSt6vectorIsSaIsEE13_M_assign_auxIPKsEEvT_S5_St20forward_iterator_tag
                0x000000000800196e      0x132 Core/Src/icm42605.o
                0x000000000800196e                void std::vector<short, std::allocator<short> >::_M_assign_aux<short const*>(short const*, short const*, std::forward_iterator_tag)
 .text._ZN9__gnu_cxx13new_allocatorIfEC2Ev
                0x0000000008001aa0       0x16 Core/Src/icm42605.o
                0x0000000008001aa0                __gnu_cxx::new_allocator<float>::new_allocator()
                0x0000000008001aa0                __gnu_cxx::new_allocator<float>::new_allocator()
 .text._ZNSt12_Vector_baseIfSaIfEEC2ERKS0_
                0x0000000008001ab6       0x1e Core/Src/icm42605.o
                0x0000000008001ab6                std::_Vector_base<float, std::allocator<float> >::_Vector_base(std::allocator<float> const&)
                0x0000000008001ab6                std::_Vector_base<float, std::allocator<float> >::_Vector_base(std::allocator<float> const&)
 .text._ZNSt6vectorIfSaIfEE19_M_range_initializeIPKfEEvT_S5_St20forward_iterator_tag
                0x0000000008001ad4       0x72 Core/Src/icm42605.o
                0x0000000008001ad4                void std::vector<float, std::allocator<float> >::_M_range_initialize<float const*>(float const*, float const*, std::forward_iterator_tag)
 .text._ZNKSt16initializer_listISt6vectorIfSaIfEEE5beginEv
                0x0000000008001b46       0x18 Core/Src/icm42605.o
                0x0000000008001b46                std::initializer_list<std::vector<float, std::allocator<float> > >::begin() const
 .text._ZNKSt16initializer_listISt6vectorIfSaIfEEE3endEv
                0x0000000008001b5e       0x2a Core/Src/icm42605.o
                0x0000000008001b5e                std::initializer_list<std::vector<float, std::allocator<float> > >::end() const
 .text._ZNSt6vectorIS_IfSaIfEESaIS1_EE13_M_assign_auxIPKS1_EEvT_S7_St20forward_iterator_tag
                0x0000000008001b88      0x144 Core/Src/icm42605.o
                0x0000000008001b88                void std::vector<std::vector<float, std::allocator<float> >, std::allocator<std::vector<float, std::allocator<float> > > >::_M_assign_aux<std::vector<float, std::allocator<float> > const*>(std::vector<float, std::allocator<float> > const*, std::vector<float, std::allocator<float> > const*, std::forward_iterator_tag)
 .text._ZN9__gnu_cxx13new_allocatorISt6vectorIfSaIfEEEC2Ev
                0x0000000008001ccc       0x16 Core/Src/icm42605.o
                0x0000000008001ccc                __gnu_cxx::new_allocator<std::vector<float, std::allocator<float> > >::new_allocator()
                0x0000000008001ccc                __gnu_cxx::new_allocator<std::vector<float, std::allocator<float> > >::new_allocator()
 .text._ZNSt16allocator_traitsISaISt6vectorIfSaIfEEEE10deallocateERS3_PS2_j
                0x0000000008001ce2       0x1e Core/Src/icm42605.o
                0x0000000008001ce2                std::allocator_traits<std::allocator<std::vector<float, std::allocator<float> > > >::deallocate(std::allocator<std::vector<float, std::allocator<float> > >&, std::vector<float, std::allocator<float> >*, unsigned int)
 .text._ZSt8_DestroyIPSt6vectorIfSaIfEEEvT_S4_
                0x0000000008001d00       0x1a Core/Src/icm42605.o
                0x0000000008001d00                void std::_Destroy<std::vector<float, std::allocator<float> >*>(std::vector<float, std::allocator<float> >*, std::vector<float, std::allocator<float> >*)
 .text._ZNSt16allocator_traitsISaIfEE10deallocateERS0_Pfj
                0x0000000008001d1a       0x1e Core/Src/icm42605.o
                0x0000000008001d1a                std::allocator_traits<std::allocator<float> >::deallocate(std::allocator<float>&, float*, unsigned int)
 .text._ZSt8_DestroyIPfEvT_S1_
                0x0000000008001d38       0x1a Core/Src/icm42605.o
                0x0000000008001d38                void std::_Destroy<float*>(float*, float*)
 .text._ZN9__gnu_cxx13new_allocatorIsEC2Ev
                0x0000000008001d52       0x16 Core/Src/icm42605.o
                0x0000000008001d52                __gnu_cxx::new_allocator<short>::new_allocator()
                0x0000000008001d52                __gnu_cxx::new_allocator<short>::new_allocator()
 .text._ZNSt16allocator_traitsISaIsEE10deallocateERS0_Psj
                0x0000000008001d68       0x1e Core/Src/icm42605.o
                0x0000000008001d68                std::allocator_traits<std::allocator<short> >::deallocate(std::allocator<short>&, short*, unsigned int)
 .text._ZSt8_DestroyIPsEvT_S1_
                0x0000000008001d86       0x1a Core/Src/icm42605.o
                0x0000000008001d86                void std::_Destroy<short*>(short*, short*)
 .text._ZNKSt16initializer_listIfE4sizeEv
                0x0000000008001da0       0x18 Core/Src/icm42605.o
                0x0000000008001da0                std::initializer_list<float>::size() const
 .text._ZSt8distanceIPKfENSt15iterator_traitsIT_E15difference_typeES3_S3_
                0x0000000008001db8       0x28 Core/Src/icm42605.o
                0x0000000008001db8                std::iterator_traits<float const*>::difference_type std::distance<float const*>(float const*, float const*)
 .text._ZNKSt6vectorIfSaIfEE8capacityEv
                0x0000000008001de0       0x20 Core/Src/icm42605.o
                0x0000000008001de0                std::vector<float, std::allocator<float> >::capacity() const
 .text._ZNSt6vectorIfSaIfEE17_S_check_init_lenEjRKS0_
                0x0000000008001e00       0x50 Core/Src/icm42605.o
                0x0000000008001e00                std::vector<float, std::allocator<float> >::_S_check_init_len(unsigned int, std::allocator<float> const&)
 .text._ZNSt6vectorIfSaIfEE20_M_allocate_and_copyIPKfEEPfjT_S6_
                0x0000000008001e50       0x38 Core/Src/icm42605.o
                0x0000000008001e50                float* std::vector<float, std::allocator<float> >::_M_allocate_and_copy<float const*>(unsigned int, float const*, float const*)
 .text._ZNKSt6vectorIfSaIfEE4sizeEv
                0x0000000008001e88       0x20 Core/Src/icm42605.o
                0x0000000008001e88                std::vector<float, std::allocator<float> >::size() const
 .text._ZNSt6vectorIfSaIfEE15_M_erase_at_endEPf
                0x0000000008001ea8       0x42 Core/Src/icm42605.o
                0x0000000008001ea8                std::vector<float, std::allocator<float> >::_M_erase_at_end(float*)
 .text._ZSt4copyIPKfPfET0_T_S4_S3_
                0x0000000008001eea       0x30 Core/Src/icm42605.o
                0x0000000008001eea                float* std::copy<float const*, float*>(float const*, float const*, float*)
 .text._ZSt7advanceIPKfjEvRT_T0_
                0x0000000008001f1a       0x26 Core/Src/icm42605.o
                0x0000000008001f1a                void std::advance<float const*, unsigned int>(float const*&, unsigned int)
 .text._ZSt22__uninitialized_copy_aIPKfPffET0_T_S4_S3_RSaIT1_E
                0x0000000008001f40       0x22 Core/Src/icm42605.o
                0x0000000008001f40                float* std::__uninitialized_copy_a<float const*, float*, float>(float const*, float const*, float*, std::allocator<float>&)
 .text._ZNKSt16initializer_listIsE4sizeEv
                0x0000000008001f62       0x18 Core/Src/icm42605.o
                0x0000000008001f62                std::initializer_list<short>::size() const
 .text._ZSt8distanceIPKsENSt15iterator_traitsIT_E15difference_typeES3_S3_
                0x0000000008001f7a       0x28 Core/Src/icm42605.o
                0x0000000008001f7a                std::iterator_traits<short const*>::difference_type std::distance<short const*>(short const*, short const*)
 .text._ZNKSt6vectorIsSaIsEE8capacityEv
                0x0000000008001fa2       0x20 Core/Src/icm42605.o
                0x0000000008001fa2                std::vector<short, std::allocator<short> >::capacity() const
 *fill*         0x0000000008001fc2        0x2 
 .text._ZNSt6vectorIsSaIsEE17_S_check_init_lenEjRKS0_
                0x0000000008001fc4       0x50 Core/Src/icm42605.o
                0x0000000008001fc4                std::vector<short, std::allocator<short> >::_S_check_init_len(unsigned int, std::allocator<short> const&)
 .text._ZNSt6vectorIsSaIsEE20_M_allocate_and_copyIPKsEEPsjT_S6_
                0x0000000008002014       0x38 Core/Src/icm42605.o
                0x0000000008002014                short* std::vector<short, std::allocator<short> >::_M_allocate_and_copy<short const*>(unsigned int, short const*, short const*)
 .text._ZNKSt6vectorIsSaIsEE4sizeEv
                0x000000000800204c       0x20 Core/Src/icm42605.o
                0x000000000800204c                std::vector<short, std::allocator<short> >::size() const
 .text._ZNSt6vectorIsSaIsEE15_M_erase_at_endEPs
                0x000000000800206c       0x42 Core/Src/icm42605.o
                0x000000000800206c                std::vector<short, std::allocator<short> >::_M_erase_at_end(short*)
 .text._ZSt4copyIPKsPsET0_T_S4_S3_
                0x00000000080020ae       0x30 Core/Src/icm42605.o
                0x00000000080020ae                short* std::copy<short const*, short*>(short const*, short const*, short*)
 .text._ZSt7advanceIPKsjEvRT_T0_
                0x00000000080020de       0x26 Core/Src/icm42605.o
                0x00000000080020de                void std::advance<short const*, unsigned int>(short const*&, unsigned int)
 .text._ZSt22__uninitialized_copy_aIPKsPssET0_T_S4_S3_RSaIT1_E
                0x0000000008002104       0x22 Core/Src/icm42605.o
                0x0000000008002104                short* std::__uninitialized_copy_a<short const*, short*, short>(short const*, short const*, short*, std::allocator<short>&)
 .text._ZNSt12_Vector_baseIfSaIfEE12_Vector_implC2ERKS0_
                0x0000000008002126       0x24 Core/Src/icm42605.o
                0x0000000008002126                std::_Vector_base<float, std::allocator<float> >::_Vector_impl::_Vector_impl(std::allocator<float> const&)
                0x0000000008002126                std::_Vector_base<float, std::allocator<float> >::_Vector_impl::_Vector_impl(std::allocator<float> const&)
 .text._ZNSt12_Vector_baseIfSaIfEE11_M_allocateEj
                0x000000000800214a       0x28 Core/Src/icm42605.o
                0x000000000800214a                std::_Vector_base<float, std::allocator<float> >::_M_allocate(unsigned int)
 .text._ZNKSt16initializer_listISt6vectorIfSaIfEEE4sizeEv
                0x0000000008002172       0x18 Core/Src/icm42605.o
                0x0000000008002172                std::initializer_list<std::vector<float, std::allocator<float> > >::size() const
 .text._ZSt8distanceIPKSt6vectorIfSaIfEEENSt15iterator_traitsIT_E15difference_typeES6_S6_
                0x000000000800218a       0x28 Core/Src/icm42605.o
                0x000000000800218a                std::iterator_traits<std::vector<float, std::allocator<float> > const*>::difference_type std::distance<std::vector<float, std::allocator<float> > const*>(std::vector<float, std::allocator<float> > const*, std::vector<float, std::allocator<float> > const*)
 *fill*         0x00000000080021b2        0x2 
 .text._ZNKSt6vectorIS_IfSaIfEESaIS1_EE8capacityEv
                0x00000000080021b4       0x2c Core/Src/icm42605.o
                0x00000000080021b4                std::vector<std::vector<float, std::allocator<float> >, std::allocator<std::vector<float, std::allocator<float> > > >::capacity() const
 .text._ZNSt6vectorIS_IfSaIfEESaIS1_EE17_S_check_init_lenEjRKS2_
                0x00000000080021e0       0x50 Core/Src/icm42605.o
                0x00000000080021e0                std::vector<std::vector<float, std::allocator<float> >, std::allocator<std::vector<float, std::allocator<float> > > >::_S_check_init_len(unsigned int, std::allocator<std::vector<float, std::allocator<float> > > const&)
 .text._ZNSt6vectorIS_IfSaIfEESaIS1_EE20_M_allocate_and_copyIPKS1_EEPS1_jT_S8_
                0x0000000008002230       0x38 Core/Src/icm42605.o
                0x0000000008002230                std::vector<float, std::allocator<float> >* std::vector<std::vector<float, std::allocator<float> >, std::allocator<std::vector<float, std::allocator<float> > > >::_M_allocate_and_copy<std::vector<float, std::allocator<float> > const*>(unsigned int, std::vector<float, std::allocator<float> > const*, std::vector<float, std::allocator<float> > const*)
 .text._ZNKSt6vectorIS_IfSaIfEESaIS1_EE4sizeEv
                0x0000000008002268       0x2c Core/Src/icm42605.o
                0x0000000008002268                std::vector<std::vector<float, std::allocator<float> >, std::allocator<std::vector<float, std::allocator<float> > > >::size() const
 .text._ZNSt6vectorIS_IfSaIfEESaIS1_EE15_M_erase_at_endEPS1_
                0x0000000008002294       0x4c Core/Src/icm42605.o
                0x0000000008002294                std::vector<std::vector<float, std::allocator<float> >, std::allocator<std::vector<float, std::allocator<float> > > >::_M_erase_at_end(std::vector<float, std::allocator<float> >*)
 .text._ZSt4copyIPKSt6vectorIfSaIfEEPS2_ET0_T_S7_S6_
                0x00000000080022e0       0x30 Core/Src/icm42605.o
                0x00000000080022e0                std::vector<float, std::allocator<float> >* std::copy<std::vector<float, std::allocator<float> > const*, std::vector<float, std::allocator<float> >*>(std::vector<float, std::allocator<float> > const*, std::vector<float, std::allocator<float> > const*, std::vector<float, std::allocator<float> >*)
 .text._ZSt7advanceIPKSt6vectorIfSaIfEEjEvRT_T0_
                0x0000000008002310       0x26 Core/Src/icm42605.o
                0x0000000008002310                void std::advance<std::vector<float, std::allocator<float> > const*, unsigned int>(std::vector<float, std::allocator<float> > const*&, unsigned int)
 .text._ZSt22__uninitialized_copy_aIPKSt6vectorIfSaIfEEPS2_S2_ET0_T_S7_S6_RSaIT1_E
                0x0000000008002336       0x22 Core/Src/icm42605.o
                0x0000000008002336                std::vector<float, std::allocator<float> >* std::__uninitialized_copy_a<std::vector<float, std::allocator<float> > const*, std::vector<float, std::allocator<float> >*, std::vector<float, std::allocator<float> > >(std::vector<float, std::allocator<float> > const*, std::vector<float, std::allocator<float> > const*, std::vector<float, std::allocator<float> >*, std::allocator<std::vector<float, std::allocator<float> > >&)
 .text._ZN9__gnu_cxx13new_allocatorISt6vectorIfSaIfEEE10deallocateEPS3_j
                0x0000000008002358       0x1a Core/Src/icm42605.o
                0x0000000008002358                __gnu_cxx::new_allocator<std::vector<float, std::allocator<float> > >::deallocate(std::vector<float, std::allocator<float> >*, unsigned int)
 .text._ZNSt12_Destroy_auxILb0EE9__destroyIPSt6vectorIfSaIfEEEEvT_S6_
                0x0000000008002372       0x30 Core/Src/icm42605.o
                0x0000000008002372                void std::_Destroy_aux<false>::__destroy<std::vector<float, std::allocator<float> >*>(std::vector<float, std::allocator<float> >*, std::vector<float, std::allocator<float> >*)
 .text._ZN9__gnu_cxx13new_allocatorIfE10deallocateEPfj
                0x00000000080023a2       0x1a Core/Src/icm42605.o
                0x00000000080023a2                __gnu_cxx::new_allocator<float>::deallocate(float*, unsigned int)
 .text._ZNSt12_Destroy_auxILb1EE9__destroyIPfEEvT_S3_
                0x00000000080023bc       0x16 Core/Src/icm42605.o
                0x00000000080023bc                void std::_Destroy_aux<true>::__destroy<float*>(float*, float*)
 .text._ZN9__gnu_cxx13new_allocatorIsE10deallocateEPsj
                0x00000000080023d2       0x1a Core/Src/icm42605.o
                0x00000000080023d2                __gnu_cxx::new_allocator<short>::deallocate(short*, unsigned int)
 .text._ZNSt12_Destroy_auxILb1EE9__destroyIPsEEvT_S3_
                0x00000000080023ec       0x16 Core/Src/icm42605.o
                0x00000000080023ec                void std::_Destroy_aux<true>::__destroy<short*>(short*, short*)
 .text._ZSt19__iterator_categoryIPKfENSt15iterator_traitsIT_E17iterator_categoryERKS3_
                0x0000000008002402       0x14 Core/Src/icm42605.o
                0x0000000008002402                std::iterator_traits<float const*>::iterator_category std::__iterator_category<float const*>(float const* const&)
 .text._ZSt10__distanceIPKfENSt15iterator_traitsIT_E15difference_typeES3_S3_St26random_access_iterator_tag
                0x0000000008002416       0x20 Core/Src/icm42605.o
                0x0000000008002416                std::iterator_traits<float const*>::difference_type std::__distance<float const*>(float const*, float const*, std::random_access_iterator_tag)
 .text._ZNSt6vectorIfSaIfEE11_S_max_sizeERKS0_
                0x0000000008002436       0x34 Core/Src/icm42605.o
                0x0000000008002436                std::vector<float, std::allocator<float> >::_S_max_size(std::allocator<float> const&)
 .text._ZNSaIfEC2ERKS_
                0x000000000800246a       0x1c Core/Src/icm42605.o
                0x000000000800246a                std::allocator<float>::allocator(std::allocator<float> const&)
                0x000000000800246a                std::allocator<float>::allocator(std::allocator<float> const&)
 .text._ZSt12__miter_baseIPKfET_S2_
                0x0000000008002486       0x16 Core/Src/icm42605.o
                0x0000000008002486                float const* std::__miter_base<float const*>(float const*)
 .text._ZSt14__copy_move_a2ILb0EPKfPfET1_T0_S4_S3_
                0x000000000800249c       0x46 Core/Src/icm42605.o
                0x000000000800249c                float* std::__copy_move_a2<false, float const*, float*>(float const*, float const*, float*)
 .text._ZSt9__advanceIPKfiEvRT_T0_St26random_access_iterator_tag
                0x00000000080024e2       0x26 Core/Src/icm42605.o
                0x00000000080024e2                void std::__advance<float const*, int>(float const*&, int, std::random_access_iterator_tag)
 .text._ZSt18uninitialized_copyIPKfPfET0_T_S4_S3_
                0x0000000008002508       0x24 Core/Src/icm42605.o
                0x0000000008002508                float* std::uninitialized_copy<float const*, float*>(float const*, float const*, float*)
 .text._ZSt19__iterator_categoryIPKsENSt15iterator_traitsIT_E17iterator_categoryERKS3_
                0x000000000800252c       0x14 Core/Src/icm42605.o
                0x000000000800252c                std::iterator_traits<short const*>::iterator_category std::__iterator_category<short const*>(short const* const&)
 .text._ZSt10__distanceIPKsENSt15iterator_traitsIT_E15difference_typeES3_S3_St26random_access_iterator_tag
                0x0000000008002540       0x20 Core/Src/icm42605.o
                0x0000000008002540                std::iterator_traits<short const*>::difference_type std::__distance<short const*>(short const*, short const*, std::random_access_iterator_tag)
 .text._ZNSt6vectorIsSaIsEE11_S_max_sizeERKS0_
                0x0000000008002560       0x34 Core/Src/icm42605.o
                0x0000000008002560                std::vector<short, std::allocator<short> >::_S_max_size(std::allocator<short> const&)
 .text._ZNSaIsEC2ERKS_
                0x0000000008002594       0x1c Core/Src/icm42605.o
                0x0000000008002594                std::allocator<short>::allocator(std::allocator<short> const&)
                0x0000000008002594                std::allocator<short>::allocator(std::allocator<short> const&)
 .text._ZNSt12_Vector_baseIsSaIsEE11_M_allocateEj
                0x00000000080025b0       0x28 Core/Src/icm42605.o
                0x00000000080025b0                std::_Vector_base<short, std::allocator<short> >::_M_allocate(unsigned int)
 .text._ZSt12__miter_baseIPKsET_S2_
                0x00000000080025d8       0x16 Core/Src/icm42605.o
                0x00000000080025d8                short const* std::__miter_base<short const*>(short const*)
 .text._ZSt14__copy_move_a2ILb0EPKsPsET1_T0_S4_S3_
                0x00000000080025ee       0x46 Core/Src/icm42605.o
                0x00000000080025ee                short* std::__copy_move_a2<false, short const*, short*>(short const*, short const*, short*)
 .text._ZSt9__advanceIPKsiEvRT_T0_St26random_access_iterator_tag
                0x0000000008002634       0x26 Core/Src/icm42605.o
                0x0000000008002634                void std::__advance<short const*, int>(short const*&, int, std::random_access_iterator_tag)
 .text._ZSt18uninitialized_copyIPKsPsET0_T_S4_S3_
                0x000000000800265a       0x24 Core/Src/icm42605.o
                0x000000000800265a                short* std::uninitialized_copy<short const*, short*>(short const*, short const*, short*)
 .text._ZNSt16allocator_traitsISaIfEE8allocateERS0_j
                0x000000000800267e       0x1e Core/Src/icm42605.o
                0x000000000800267e                std::allocator_traits<std::allocator<float> >::allocate(std::allocator<float>&, unsigned int)
 .text._ZSt19__iterator_categoryIPKSt6vectorIfSaIfEEENSt15iterator_traitsIT_E17iterator_categoryERKS6_
                0x000000000800269c       0x14 Core/Src/icm42605.o
                0x000000000800269c                std::iterator_traits<std::vector<float, std::allocator<float> > const*>::iterator_category std::__iterator_category<std::vector<float, std::allocator<float> > const*>(std::vector<float, std::allocator<float> > const* const&)
 .text._ZSt10__distanceIPKSt6vectorIfSaIfEEENSt15iterator_traitsIT_E15difference_typeES6_S6_St26random_access_iterator_tag
                0x00000000080026b0       0x2c Core/Src/icm42605.o
                0x00000000080026b0                std::iterator_traits<std::vector<float, std::allocator<float> > const*>::difference_type std::__distance<std::vector<float, std::allocator<float> > const*>(std::vector<float, std::allocator<float> > const*, std::vector<float, std::allocator<float> > const*, std::random_access_iterator_tag)
 .text._ZNSt6vectorIS_IfSaIfEESaIS1_EE11_S_max_sizeERKS2_
                0x00000000080026dc       0x38 Core/Src/icm42605.o
                0x00000000080026dc                std::vector<std::vector<float, std::allocator<float> >, std::allocator<std::vector<float, std::allocator<float> > > >::_S_max_size(std::allocator<std::vector<float, std::allocator<float> > > const&)
 .text._ZNSaISt6vectorIfSaIfEEEC2ERKS2_
                0x0000000008002714       0x1c Core/Src/icm42605.o
                0x0000000008002714                std::allocator<std::vector<float, std::allocator<float> > >::allocator(std::allocator<std::vector<float, std::allocator<float> > > const&)
                0x0000000008002714                std::allocator<std::vector<float, std::allocator<float> > >::allocator(std::allocator<std::vector<float, std::allocator<float> > > const&)
 .text._ZNSt12_Vector_baseISt6vectorIfSaIfEESaIS2_EE11_M_allocateEj
                0x0000000008002730       0x28 Core/Src/icm42605.o
                0x0000000008002730                std::_Vector_base<std::vector<float, std::allocator<float> >, std::allocator<std::vector<float, std::allocator<float> > > >::_M_allocate(unsigned int)
 .text._ZSt12__miter_baseIPKSt6vectorIfSaIfEEET_S5_
                0x0000000008002758       0x16 Core/Src/icm42605.o
                0x0000000008002758                std::vector<float, std::allocator<float> > const* std::__miter_base<std::vector<float, std::allocator<float> > const*>(std::vector<float, std::allocator<float> > const*)
 .text._ZSt14__copy_move_a2ILb0EPKSt6vectorIfSaIfEEPS2_ET1_T0_S7_S6_
                0x000000000800276e       0x46 Core/Src/icm42605.o
                0x000000000800276e                std::vector<float, std::allocator<float> >* std::__copy_move_a2<false, std::vector<float, std::allocator<float> > const*, std::vector<float, std::allocator<float> >*>(std::vector<float, std::allocator<float> > const*, std::vector<float, std::allocator<float> > const*, std::vector<float, std::allocator<float> >*)
 .text._ZSt9__advanceIPKSt6vectorIfSaIfEEiEvRT_T0_St26random_access_iterator_tag
                0x00000000080027b4       0x2c Core/Src/icm42605.o
                0x00000000080027b4                void std::__advance<std::vector<float, std::allocator<float> > const*, int>(std::vector<float, std::allocator<float> > const*&, int, std::random_access_iterator_tag)
 .text._ZSt18uninitialized_copyIPKSt6vectorIfSaIfEEPS2_ET0_T_S7_S6_
                0x00000000080027e0       0x24 Core/Src/icm42605.o
                0x00000000080027e0                std::vector<float, std::allocator<float> >* std::uninitialized_copy<std::vector<float, std::allocator<float> > const*, std::vector<float, std::allocator<float> >*>(std::vector<float, std::allocator<float> > const*, std::vector<float, std::allocator<float> > const*, std::vector<float, std::allocator<float> >*)
 .text._ZSt11__addressofISt6vectorIfSaIfEEEPT_RS3_
                0x0000000008002804       0x16 Core/Src/icm42605.o
                0x0000000008002804                std::vector<float, std::allocator<float> >* std::__addressof<std::vector<float, std::allocator<float> > >(std::vector<float, std::allocator<float> >&)
 .text._ZSt8_DestroyISt6vectorIfSaIfEEEvPT_
                0x000000000800281a       0x16 Core/Src/icm42605.o
                0x000000000800281a                void std::_Destroy<std::vector<float, std::allocator<float> > >(std::vector<float, std::allocator<float> >*)
 .text._ZNSt16allocator_traitsISaIfEE8max_sizeERKS0_
                0x0000000008002830       0x18 Core/Src/icm42605.o
                0x0000000008002830                std::allocator_traits<std::allocator<float> >::max_size(std::allocator<float> const&)
 .text._ZSt3minIjERKT_S2_S2_
                0x0000000008002848       0x28 Core/Src/icm42605.o
                0x0000000008002848                unsigned int const& std::min<unsigned int>(unsigned int const&, unsigned int const&)
 .text._ZN9__gnu_cxx13new_allocatorIfEC2ERKS1_
                0x0000000008002870       0x18 Core/Src/icm42605.o
                0x0000000008002870                __gnu_cxx::new_allocator<float>::new_allocator(__gnu_cxx::new_allocator<float> const&)
                0x0000000008002870                __gnu_cxx::new_allocator<float>::new_allocator(__gnu_cxx::new_allocator<float> const&)
 .text._ZSt12__niter_baseIPKfET_S2_
                0x0000000008002888       0x16 Core/Src/icm42605.o
                0x0000000008002888                float const* std::__niter_base<float const*>(float const*)
 .text._ZSt12__niter_baseIPfET_S1_
                0x000000000800289e       0x16 Core/Src/icm42605.o
                0x000000000800289e                float* std::__niter_base<float*>(float*)
 .text._ZSt13__copy_move_aILb0EPKfPfET1_T0_S4_S3_
                0x00000000080028b4       0x24 Core/Src/icm42605.o
                0x00000000080028b4                float* std::__copy_move_a<false, float const*, float*>(float const*, float const*, float*)
 .text._ZSt12__niter_wrapIPfET_RKS1_S1_
                0x00000000080028d8       0x18 Core/Src/icm42605.o
                0x00000000080028d8                float* std::__niter_wrap<float*>(float* const&, float*)
 .text._ZNSt20__uninitialized_copyILb1EE13__uninit_copyIPKfPfEET0_T_S6_S5_
                0x00000000080028f0       0x20 Core/Src/icm42605.o
                0x00000000080028f0                float* std::__uninitialized_copy<true>::__uninit_copy<float const*, float*>(float const*, float const*, float*)
 .text._ZNSt16allocator_traitsISaIsEE8max_sizeERKS0_
                0x0000000008002910       0x18 Core/Src/icm42605.o
                0x0000000008002910                std::allocator_traits<std::allocator<short> >::max_size(std::allocator<short> const&)
 .text._ZN9__gnu_cxx13new_allocatorIsEC2ERKS1_
                0x0000000008002928       0x18 Core/Src/icm42605.o
                0x0000000008002928                __gnu_cxx::new_allocator<short>::new_allocator(__gnu_cxx::new_allocator<short> const&)
                0x0000000008002928                __gnu_cxx::new_allocator<short>::new_allocator(__gnu_cxx::new_allocator<short> const&)
 .text._ZNSt16allocator_traitsISaIsEE8allocateERS0_j
                0x0000000008002940       0x1e Core/Src/icm42605.o
                0x0000000008002940                std::allocator_traits<std::allocator<short> >::allocate(std::allocator<short>&, unsigned int)
 .text._ZSt12__niter_baseIPKsET_S2_
                0x000000000800295e       0x16 Core/Src/icm42605.o
                0x000000000800295e                short const* std::__niter_base<short const*>(short const*)
 .text._ZSt12__niter_baseIPsET_S1_
                0x0000000008002974       0x16 Core/Src/icm42605.o
                0x0000000008002974                short* std::__niter_base<short*>(short*)
 .text._ZSt13__copy_move_aILb0EPKsPsET1_T0_S4_S3_
                0x000000000800298a       0x24 Core/Src/icm42605.o
                0x000000000800298a                short* std::__copy_move_a<false, short const*, short*>(short const*, short const*, short*)
 .text._ZSt12__niter_wrapIPsET_RKS1_S1_
                0x00000000080029ae       0x18 Core/Src/icm42605.o
                0x00000000080029ae                short* std::__niter_wrap<short*>(short* const&, short*)
 .text._ZNSt20__uninitialized_copyILb1EE13__uninit_copyIPKsPsEET0_T_S6_S5_
                0x00000000080029c6       0x20 Core/Src/icm42605.o
                0x00000000080029c6                short* std::__uninitialized_copy<true>::__uninit_copy<short const*, short*>(short const*, short const*, short*)
 .text._ZN9__gnu_cxx13new_allocatorIfE8allocateEjPKv
                0x00000000080029e6       0x3c Core/Src/icm42605.o
                0x00000000080029e6                __gnu_cxx::new_allocator<float>::allocate(unsigned int, void const*)
 .text._ZNSt16allocator_traitsISaISt6vectorIfSaIfEEEE8max_sizeERKS3_
                0x0000000008002a22       0x18 Core/Src/icm42605.o
                0x0000000008002a22                std::allocator_traits<std::allocator<std::vector<float, std::allocator<float> > > >::max_size(std::allocator<std::vector<float, std::allocator<float> > > const&)
 .text._ZN9__gnu_cxx13new_allocatorISt6vectorIfSaIfEEEC2ERKS4_
                0x0000000008002a3a       0x18 Core/Src/icm42605.o
                0x0000000008002a3a                __gnu_cxx::new_allocator<std::vector<float, std::allocator<float> > >::new_allocator(__gnu_cxx::new_allocator<std::vector<float, std::allocator<float> > > const&)
                0x0000000008002a3a                __gnu_cxx::new_allocator<std::vector<float, std::allocator<float> > >::new_allocator(__gnu_cxx::new_allocator<std::vector<float, std::allocator<float> > > const&)
 .text._ZNSt16allocator_traitsISaISt6vectorIfSaIfEEEE8allocateERS3_j
                0x0000000008002a52       0x1e Core/Src/icm42605.o
                0x0000000008002a52                std::allocator_traits<std::allocator<std::vector<float, std::allocator<float> > > >::allocate(std::allocator<std::vector<float, std::allocator<float> > >&, unsigned int)
 .text._ZSt12__niter_baseIPKSt6vectorIfSaIfEEET_S5_
                0x0000000008002a70       0x16 Core/Src/icm42605.o
                0x0000000008002a70                std::vector<float, std::allocator<float> > const* std::__niter_base<std::vector<float, std::allocator<float> > const*>(std::vector<float, std::allocator<float> > const*)
 .text._ZSt12__niter_baseIPSt6vectorIfSaIfEEET_S4_
                0x0000000008002a86       0x16 Core/Src/icm42605.o
                0x0000000008002a86                std::vector<float, std::allocator<float> >* std::__niter_base<std::vector<float, std::allocator<float> >*>(std::vector<float, std::allocator<float> >*)
 .text._ZSt13__copy_move_aILb0EPKSt6vectorIfSaIfEEPS2_ET1_T0_S7_S6_
                0x0000000008002a9c       0x24 Core/Src/icm42605.o
                0x0000000008002a9c                std::vector<float, std::allocator<float> >* std::__copy_move_a<false, std::vector<float, std::allocator<float> > const*, std::vector<float, std::allocator<float> >*>(std::vector<float, std::allocator<float> > const*, std::vector<float, std::allocator<float> > const*, std::vector<float, std::allocator<float> >*)
 .text._ZSt12__niter_wrapIPSt6vectorIfSaIfEEET_RKS4_S4_
                0x0000000008002ac0       0x18 Core/Src/icm42605.o
                0x0000000008002ac0                std::vector<float, std::allocator<float> >* std::__niter_wrap<std::vector<float, std::allocator<float> >*>(std::vector<float, std::allocator<float> >* const&, std::vector<float, std::allocator<float> >*)
 .text._ZNSt20__uninitialized_copyILb0EE13__uninit_copyIPKSt6vectorIfSaIfEEPS4_EET0_T_S9_S8_
                0x0000000008002ad8       0x40 Core/Src/icm42605.o
                0x0000000008002ad8                std::vector<float, std::allocator<float> >* std::__uninitialized_copy<false>::__uninit_copy<std::vector<float, std::allocator<float> > const*, std::vector<float, std::allocator<float> >*>(std::vector<float, std::allocator<float> > const*, std::vector<float, std::allocator<float> > const*, std::vector<float, std::allocator<float> >*)
 .text._ZNK9__gnu_cxx13new_allocatorIfE8max_sizeEv
                0x0000000008002b18       0x18 Core/Src/icm42605.o
                0x0000000008002b18                __gnu_cxx::new_allocator<float>::max_size() const
 .text._ZNSt11__copy_moveILb0ELb1ESt26random_access_iterator_tagE8__copy_mIfEEPT_PKS3_S6_S4_
                0x0000000008002b30       0x3a Core/Src/icm42605.o
                0x0000000008002b30                float* std::__copy_move<false, true, std::random_access_iterator_tag>::__copy_m<float>(float const*, float const*, float*)
 .text._ZNK9__gnu_cxx13new_allocatorIsE8max_sizeEv
                0x0000000008002b6a       0x18 Core/Src/icm42605.o
                0x0000000008002b6a                __gnu_cxx::new_allocator<short>::max_size() const
 .text._ZN9__gnu_cxx13new_allocatorIsE8allocateEjPKv
                0x0000000008002b82       0x3c Core/Src/icm42605.o
                0x0000000008002b82                __gnu_cxx::new_allocator<short>::allocate(unsigned int, void const*)
 .text._ZNSt11__copy_moveILb0ELb1ESt26random_access_iterator_tagE8__copy_mIsEEPT_PKS3_S6_S4_
                0x0000000008002bbe       0x3a Core/Src/icm42605.o
                0x0000000008002bbe                short* std::__copy_move<false, true, std::random_access_iterator_tag>::__copy_m<short>(short const*, short const*, short*)
 .text._ZNK9__gnu_cxx13new_allocatorISt6vectorIfSaIfEEE8max_sizeEv
                0x0000000008002bf8       0x1c Core/Src/icm42605.o
                0x0000000008002bf8                __gnu_cxx::new_allocator<std::vector<float, std::allocator<float> > >::max_size() const
 .text._ZN9__gnu_cxx13new_allocatorISt6vectorIfSaIfEEE8allocateEjPKv
                0x0000000008002c14       0x42 Core/Src/icm42605.o
                0x0000000008002c14                __gnu_cxx::new_allocator<std::vector<float, std::allocator<float> > >::allocate(unsigned int, void const*)
 *fill*         0x0000000008002c56        0x2 
 .text._ZNSt11__copy_moveILb0ELb0ESt26random_access_iterator_tagE8__copy_mIPKSt6vectorIfSaIfEEPS5_EET0_T_SA_S9_
                0x0000000008002c58       0x4c Core/Src/icm42605.o
                0x0000000008002c58                std::vector<float, std::allocator<float> >* std::__copy_move<false, false, std::random_access_iterator_tag>::__copy_m<std::vector<float, std::allocator<float> > const*, std::vector<float, std::allocator<float> >*>(std::vector<float, std::allocator<float> > const*, std::vector<float, std::allocator<float> > const*, std::vector<float, std::allocator<float> >*)
 .text._ZSt10_ConstructISt6vectorIfSaIfEEJRKS2_EEvPT_DpOT0_
                0x0000000008002ca4       0x2e Core/Src/icm42605.o
                0x0000000008002ca4                void std::_Construct<std::vector<float, std::allocator<float> >, std::vector<float, std::allocator<float> > const&>(std::vector<float, std::allocator<float> >*, std::vector<float, std::allocator<float> > const&)
 .text._ZN9__gnu_cxx14__alloc_traitsISaIfEfE27_S_propagate_on_copy_assignEv
                0x0000000008002cd2       0x10 Core/Src/icm42605.o
                0x0000000008002cd2                __gnu_cxx::__alloc_traits<std::allocator<float>, float>::_S_propagate_on_copy_assign()
 .text._ZN9__gnu_cxx14__alloc_traitsISaIfEfE15_S_always_equalEv
                0x0000000008002ce2       0x10 Core/Src/icm42605.o
                0x0000000008002ce2                __gnu_cxx::__alloc_traits<std::allocator<float>, float>::_S_always_equal()
 .text._ZNSt6vectorIfSaIfEEaSERKS1_
                0x0000000008002cf2      0x1ea Core/Src/icm42605.o
                0x0000000008002cf2                std::vector<float, std::allocator<float> >::operator=(std::vector<float, std::allocator<float> > const&)
 .text._ZSt7forwardIRKSt6vectorIfSaIfEEEOT_RNSt16remove_referenceIS5_E4typeE
                0x0000000008002edc       0x16 Core/Src/icm42605.o
                0x0000000008002edc                std::vector<float, std::allocator<float> > const& std::forward<std::vector<float, std::allocator<float> > const&>(std::remove_reference<std::vector<float, std::allocator<float> > const&>::type&)
 .text._ZNSt6vectorIfSaIfEEC2ERKS1_
                0x0000000008002ef2       0x7a Core/Src/icm42605.o
                0x0000000008002ef2                std::vector<float, std::allocator<float> >::vector(std::vector<float, std::allocator<float> > const&)
                0x0000000008002ef2                std::vector<float, std::allocator<float> >::vector(std::vector<float, std::allocator<float> > const&)
 .text._ZNKSt12_Vector_baseIfSaIfEE19_M_get_Tp_allocatorEv
                0x0000000008002f6c       0x16 Core/Src/icm42605.o
                0x0000000008002f6c                std::_Vector_base<float, std::allocator<float> >::_M_get_Tp_allocator() const
 .text._ZStneRKSaIfES1_
                0x0000000008002f82       0x18 Core/Src/icm42605.o
                0x0000000008002f82                std::operator!=(std::allocator<float> const&, std::allocator<float> const&)
 .text._ZNSt6vectorIfSaIfEE5clearEv
                0x0000000008002f9a       0x1c Core/Src/icm42605.o
                0x0000000008002f9a                std::vector<float, std::allocator<float> >::clear()
 .text._ZSt15__alloc_on_copyISaIfEEvRT_RKS1_
                0x0000000008002fb6       0x1c Core/Src/icm42605.o
                0x0000000008002fb6                void std::__alloc_on_copy<std::allocator<float> >(std::allocator<float>&, std::allocator<float> const&)
 .text._ZNKSt6vectorIfSaIfEE5beginEv
                0x0000000008002fd2       0x28 Core/Src/icm42605.o
                0x0000000008002fd2                std::vector<float, std::allocator<float> >::begin() const
 .text._ZNKSt6vectorIfSaIfEE3endEv
                0x0000000008002ffa       0x28 Core/Src/icm42605.o
                0x0000000008002ffa                std::vector<float, std::allocator<float> >::end() const
 .text._ZNSt6vectorIfSaIfEE20_M_allocate_and_copyIN9__gnu_cxx17__normal_iteratorIPKfS1_EEEEPfjT_S9_
                0x0000000008003022       0x38 Core/Src/icm42605.o
                0x0000000008003022                float* std::vector<float, std::allocator<float> >::_M_allocate_and_copy<__gnu_cxx::__normal_iterator<float const*, std::vector<float, std::allocator<float> > > >(unsigned int, __gnu_cxx::__normal_iterator<float const*, std::vector<float, std::allocator<float> > >, __gnu_cxx::__normal_iterator<float const*, std::vector<float, std::allocator<float> > >)
 .text._ZNSt6vectorIfSaIfEE5beginEv
                0x000000000800305a       0x20 Core/Src/icm42605.o
                0x000000000800305a                std::vector<float, std::allocator<float> >::begin()
 .text._ZSt4copyIN9__gnu_cxx17__normal_iteratorIPKfSt6vectorIfSaIfEEEENS1_IPfS6_EEET0_T_SB_SA_
                0x000000000800307a       0x30 Core/Src/icm42605.o
                0x000000000800307a                __gnu_cxx::__normal_iterator<float*, std::vector<float, std::allocator<float> > > std::copy<__gnu_cxx::__normal_iterator<float const*, std::vector<float, std::allocator<float> > >, __gnu_cxx::__normal_iterator<float*, std::vector<float, std::allocator<float> > > >(__gnu_cxx::__normal_iterator<float const*, std::vector<float, std::allocator<float> > >, __gnu_cxx::__normal_iterator<float const*, std::vector<float, std::allocator<float> > >, __gnu_cxx::__normal_iterator<float*, std::vector<float, std::allocator<float> > >)
 .text._ZNSt6vectorIfSaIfEE3endEv
                0x00000000080030aa       0x22 Core/Src/icm42605.o
                0x00000000080030aa                std::vector<float, std::allocator<float> >::end()
 .text._ZSt8_DestroyIN9__gnu_cxx17__normal_iteratorIPfSt6vectorIfSaIfEEEEfEvT_S7_RSaIT0_E
                0x00000000080030cc       0x1c Core/Src/icm42605.o
                0x00000000080030cc                void std::_Destroy<__gnu_cxx::__normal_iterator<float*, std::vector<float, std::allocator<float> > >, float>(__gnu_cxx::__normal_iterator<float*, std::vector<float, std::allocator<float> > >, __gnu_cxx::__normal_iterator<float*, std::vector<float, std::allocator<float> > >, std::allocator<float>&)
 .text._ZSt4copyIPfS0_ET0_T_S2_S1_
                0x00000000080030e8       0x30 Core/Src/icm42605.o
                0x00000000080030e8                float* std::copy<float*, float*>(float*, float*, float*)
 .text._ZSt22__uninitialized_copy_aIPfS0_fET0_T_S2_S1_RSaIT1_E
                0x0000000008003118       0x22 Core/Src/icm42605.o
                0x0000000008003118                float* std::__uninitialized_copy_a<float*, float*, float>(float*, float*, float*, std::allocator<float>&)
 .text._ZN9__gnu_cxx14__alloc_traitsISaIfEfE17_S_select_on_copyERKS1_
                0x000000000800313a       0x1c Core/Src/icm42605.o
                0x000000000800313a                __gnu_cxx::__alloc_traits<std::allocator<float>, float>::_S_select_on_copy(std::allocator<float> const&)
 .text._ZNSt12_Vector_baseIfSaIfEEC2EjRKS0_
                0x0000000008003156       0x28 Core/Src/icm42605.o
                0x0000000008003156                std::_Vector_base<float, std::allocator<float> >::_Vector_base(unsigned int, std::allocator<float> const&)
                0x0000000008003156                std::_Vector_base<float, std::allocator<float> >::_Vector_base(unsigned int, std::allocator<float> const&)
 .text._ZSt22__uninitialized_copy_aIN9__gnu_cxx17__normal_iteratorIPKfSt6vectorIfSaIfEEEEPffET0_T_SA_S9_RSaIT1_E
                0x000000000800317e       0x22 Core/Src/icm42605.o
                0x000000000800317e                float* std::__uninitialized_copy_a<__gnu_cxx::__normal_iterator<float const*, std::vector<float, std::allocator<float> > >, float*, float>(__gnu_cxx::__normal_iterator<float const*, std::vector<float, std::allocator<float> > >, __gnu_cxx::__normal_iterator<float const*, std::vector<float, std::allocator<float> > >, float*, std::allocator<float>&)
 .text._ZSt18__do_alloc_on_copyISaIfEEvRT_RKS1_St17integral_constantIbLb0EE
                0x00000000080031a0       0x18 Core/Src/icm42605.o
                0x00000000080031a0                void std::__do_alloc_on_copy<std::allocator<float> >(std::allocator<float>&, std::allocator<float> const&, std::integral_constant<bool, false>)
 .text._ZN9__gnu_cxx17__normal_iteratorIPKfSt6vectorIfSaIfEEEC2ERKS2_
                0x00000000080031b8       0x20 Core/Src/icm42605.o
                0x00000000080031b8                __gnu_cxx::__normal_iterator<float const*, std::vector<float, std::allocator<float> > >::__normal_iterator(float const* const&)
                0x00000000080031b8                __gnu_cxx::__normal_iterator<float const*, std::vector<float, std::allocator<float> > >::__normal_iterator(float const* const&)
 .text._ZN9__gnu_cxx17__normal_iteratorIPfSt6vectorIfSaIfEEEC2ERKS1_
                0x00000000080031d8       0x20 Core/Src/icm42605.o
                0x00000000080031d8                __gnu_cxx::__normal_iterator<float*, std::vector<float, std::allocator<float> > >::__normal_iterator(float* const&)
                0x00000000080031d8                __gnu_cxx::__normal_iterator<float*, std::vector<float, std::allocator<float> > >::__normal_iterator(float* const&)
 .text._ZSt12__miter_baseIN9__gnu_cxx17__normal_iteratorIPKfSt6vectorIfSaIfEEEEET_S8_
                0x00000000080031f8       0x16 Core/Src/icm42605.o
                0x00000000080031f8                __gnu_cxx::__normal_iterator<float const*, std::vector<float, std::allocator<float> > > std::__miter_base<__gnu_cxx::__normal_iterator<float const*, std::vector<float, std::allocator<float> > > >(__gnu_cxx::__normal_iterator<float const*, std::vector<float, std::allocator<float> > >)
 .text._ZSt14__copy_move_a2ILb0EN9__gnu_cxx17__normal_iteratorIPKfSt6vectorIfSaIfEEEENS1_IPfS6_EEET1_T0_SB_SA_
                0x000000000800320e       0x42 Core/Src/icm42605.o
                0x000000000800320e                __gnu_cxx::__normal_iterator<float*, std::vector<float, std::allocator<float> > > std::__copy_move_a2<false, __gnu_cxx::__normal_iterator<float const*, std::vector<float, std::allocator<float> > >, __gnu_cxx::__normal_iterator<float*, std::vector<float, std::allocator<float> > > >(__gnu_cxx::__normal_iterator<float const*, std::vector<float, std::allocator<float> > >, __gnu_cxx::__normal_iterator<float const*, std::vector<float, std::allocator<float> > >, __gnu_cxx::__normal_iterator<float*, std::vector<float, std::allocator<float> > >)
 .text._ZSt8_DestroyIN9__gnu_cxx17__normal_iteratorIPfSt6vectorIfSaIfEEEEEvT_S7_
                0x0000000008003250       0x1a Core/Src/icm42605.o
                0x0000000008003250                void std::_Destroy<__gnu_cxx::__normal_iterator<float*, std::vector<float, std::allocator<float> > > >(__gnu_cxx::__normal_iterator<float*, std::vector<float, std::allocator<float> > >, __gnu_cxx::__normal_iterator<float*, std::vector<float, std::allocator<float> > >)
 .text._ZSt12__miter_baseIPfET_S1_
                0x000000000800326a       0x16 Core/Src/icm42605.o
                0x000000000800326a                float* std::__miter_base<float*>(float*)
 .text._ZSt14__copy_move_a2ILb0EPfS0_ET1_T0_S2_S1_
                0x0000000008003280       0x46 Core/Src/icm42605.o
                0x0000000008003280                float* std::__copy_move_a2<false, float*, float*>(float*, float*, float*)
 .text._ZSt18uninitialized_copyIPfS0_ET0_T_S2_S1_
                0x00000000080032c6       0x24 Core/Src/icm42605.o
                0x00000000080032c6                float* std::uninitialized_copy<float*, float*>(float*, float*, float*)
 .text._ZNSt16allocator_traitsISaIfEE37select_on_container_copy_constructionERKS0_
                0x00000000080032ea       0x1a Core/Src/icm42605.o
                0x00000000080032ea                std::allocator_traits<std::allocator<float> >::select_on_container_copy_construction(std::allocator<float> const&)
 .text._ZNSt12_Vector_baseIfSaIfEE17_M_create_storageEj
                0x0000000008003304       0x36 Core/Src/icm42605.o
                0x0000000008003304                std::_Vector_base<float, std::allocator<float> >::_M_create_storage(unsigned int)
 .text._ZSt18uninitialized_copyIN9__gnu_cxx17__normal_iteratorIPKfSt6vectorIfSaIfEEEEPfET0_T_SA_S9_
                0x000000000800333a       0x24 Core/Src/icm42605.o
                0x000000000800333a                float* std::uninitialized_copy<__gnu_cxx::__normal_iterator<float const*, std::vector<float, std::allocator<float> > >, float*>(__gnu_cxx::__normal_iterator<float const*, std::vector<float, std::allocator<float> > >, __gnu_cxx::__normal_iterator<float const*, std::vector<float, std::allocator<float> > >, float*)
 .text._ZSt12__niter_baseIPKfSt6vectorIfSaIfEEET_N9__gnu_cxx17__normal_iteratorIS5_T0_EE
                0x000000000800335e       0x1c Core/Src/icm42605.o
                0x000000000800335e                float const* std::__niter_base<float const*, std::vector<float, std::allocator<float> > >(__gnu_cxx::__normal_iterator<float const*, std::vector<float, std::allocator<float> > >)
 .text._ZSt12__niter_baseIPfSt6vectorIfSaIfEEET_N9__gnu_cxx17__normal_iteratorIS4_T0_EE
                0x000000000800337a       0x1c Core/Src/icm42605.o
                0x000000000800337a                float* std::__niter_base<float*, std::vector<float, std::allocator<float> > >(__gnu_cxx::__normal_iterator<float*, std::vector<float, std::allocator<float> > >)
 .text._ZSt12__niter_wrapIN9__gnu_cxx17__normal_iteratorIPfSt6vectorIfSaIfEEEES2_ET_S7_T0_
                0x0000000008003396       0x2e Core/Src/icm42605.o
                0x0000000008003396                __gnu_cxx::__normal_iterator<float*, std::vector<float, std::allocator<float> > > std::__niter_wrap<__gnu_cxx::__normal_iterator<float*, std::vector<float, std::allocator<float> > >, float*>(__gnu_cxx::__normal_iterator<float*, std::vector<float, std::allocator<float> > >, float*)
 .text._ZNSt12_Destroy_auxILb1EE9__destroyIN9__gnu_cxx17__normal_iteratorIPfSt6vectorIfSaIfEEEEEEvT_S9_
                0x00000000080033c4       0x16 Core/Src/icm42605.o
                0x00000000080033c4                void std::_Destroy_aux<true>::__destroy<__gnu_cxx::__normal_iterator<float*, std::vector<float, std::allocator<float> > > >(__gnu_cxx::__normal_iterator<float*, std::vector<float, std::allocator<float> > >, __gnu_cxx::__normal_iterator<float*, std::vector<float, std::allocator<float> > >)
 .text._ZSt13__copy_move_aILb0EPfS0_ET1_T0_S2_S1_
                0x00000000080033da       0x24 Core/Src/icm42605.o
                0x00000000080033da                float* std::__copy_move_a<false, float*, float*>(float*, float*, float*)
 .text._ZNSt20__uninitialized_copyILb1EE13__uninit_copyIPfS2_EET0_T_S4_S3_
                0x00000000080033fe       0x20 Core/Src/icm42605.o
                0x00000000080033fe                float* std::__uninitialized_copy<true>::__uninit_copy<float*, float*>(float*, float*, float*)
 .text._ZNSt20__uninitialized_copyILb1EE13__uninit_copyIN9__gnu_cxx17__normal_iteratorIPKfSt6vectorIfSaIfEEEEPfEET0_T_SC_SB_
                0x000000000800341e       0x20 Core/Src/icm42605.o
                0x000000000800341e                float* std::__uninitialized_copy<true>::__uninit_copy<__gnu_cxx::__normal_iterator<float const*, std::vector<float, std::allocator<float> > >, float*>(__gnu_cxx::__normal_iterator<float const*, std::vector<float, std::allocator<float> > >, __gnu_cxx::__normal_iterator<float const*, std::vector<float, std::allocator<float> > >, float*)
 .text._ZNK9__gnu_cxx17__normal_iteratorIPKfSt6vectorIfSaIfEEE4baseEv
                0x000000000800343e       0x16 Core/Src/icm42605.o
                0x000000000800343e                __gnu_cxx::__normal_iterator<float const*, std::vector<float, std::allocator<float> > >::base() const
 .text._ZNK9__gnu_cxx17__normal_iteratorIPfSt6vectorIfSaIfEEE4baseEv
                0x0000000008003454       0x16 Core/Src/icm42605.o
                0x0000000008003454                __gnu_cxx::__normal_iterator<float*, std::vector<float, std::allocator<float> > >::base() const
 .text._ZNK9__gnu_cxx17__normal_iteratorIPfSt6vectorIfSaIfEEEplEi
                0x000000000800346a       0x30 Core/Src/icm42605.o
                0x000000000800346a                __gnu_cxx::__normal_iterator<float*, std::vector<float, std::allocator<float> > >::operator+(int) const
 .text._ZSt4copyIN9__gnu_cxx17__normal_iteratorIPKfSt6vectorIfSaIfEEEEPfET0_T_SA_S9_
                0x000000000800349a       0x30 Core/Src/icm42605.o
                0x000000000800349a                float* std::copy<__gnu_cxx::__normal_iterator<float const*, std::vector<float, std::allocator<float> > >, float*>(__gnu_cxx::__normal_iterator<float const*, std::vector<float, std::allocator<float> > >, __gnu_cxx::__normal_iterator<float const*, std::vector<float, std::allocator<float> > >, float*)
 .text._ZSt14__copy_move_a2ILb0EN9__gnu_cxx17__normal_iteratorIPKfSt6vectorIfSaIfEEEEPfET1_T0_SA_S9_
                0x00000000080034ca       0x46 Core/Src/icm42605.o
                0x00000000080034ca                float* std::__copy_move_a2<false, __gnu_cxx::__normal_iterator<float const*, std::vector<float, std::allocator<float> > >, float*>(__gnu_cxx::__normal_iterator<float const*, std::vector<float, std::allocator<float> > >, __gnu_cxx::__normal_iterator<float const*, std::vector<float, std::allocator<float> > >, float*)
 .text._ZN6KalmanC2ESt6vectorIS0_IfSaIfEESaIS2_EES4_S4_S4_S4_S4_S4_
                0x0000000008003510       0xe0 Core/Src/kalman.o
                0x0000000008003510                Kalman::Kalman(std::vector<std::vector<float, std::allocator<float> >, std::allocator<std::vector<float, std::allocator<float> > > >, std::vector<std::vector<float, std::allocator<float> >, std::allocator<std::vector<float, std::allocator<float> > > >, std::vector<std::vector<float, std::allocator<float> >, std::allocator<std::vector<float, std::allocator<float> > > >, std::vector<std::vector<float, std::allocator<float> >, std::allocator<std::vector<float, std::allocator<float> > > >, std::vector<std::vector<float, std::allocator<float> >, std::allocator<std::vector<float, std::allocator<float> > > >, std::vector<std::vector<float, std::allocator<float> >, std::allocator<std::vector<float, std::allocator<float> > > >, std::vector<std::vector<float, std::allocator<float> >, std::allocator<std::vector<float, std::allocator<float> > > >)
                0x0000000008003510                Kalman::Kalman(std::vector<std::vector<float, std::allocator<float> >, std::allocator<std::vector<float, std::allocator<float> > > >, std::vector<std::vector<float, std::allocator<float> >, std::allocator<std::vector<float, std::allocator<float> > > >, std::vector<std::vector<float, std::allocator<float> >, std::allocator<std::vector<float, std::allocator<float> > > >, std::vector<std::vector<float, std::allocator<float> >, std::allocator<std::vector<float, std::allocator<float> > > >, std::vector<std::vector<float, std::allocator<float> >, std::allocator<std::vector<float, std::allocator<float> > > >, std::vector<std::vector<float, std::allocator<float> >, std::allocator<std::vector<float, std::allocator<float> > > >, std::vector<std::vector<float, std::allocator<float> >, std::allocator<std::vector<float, std::allocator<float> > > >)
 .text._ZN6KalmanD2Ev
                0x00000000080035f0       0x88 Core/Src/kalman.o
                0x00000000080035f0                Kalman::~Kalman()
                0x00000000080035f0                Kalman::~Kalman()
 .text._ZN9__gnu_cxx14__alloc_traitsISaISt6vectorIfSaIfEEES3_E15_S_always_equalEv
                0x0000000008003678       0x10 Core/Src/kalman.o
                0x0000000008003678                __gnu_cxx::__alloc_traits<std::allocator<std::vector<float, std::allocator<float> > >, std::vector<float, std::allocator<float> > >::_S_always_equal()
 .text._ZN6Kalman10PredictionESt6vectorIS0_IfSaIfEESaIS2_EE
                0x0000000008003688      0x1ce Core/Src/kalman.o
                0x0000000008003688                Kalman::Prediction(std::vector<std::vector<float, std::allocator<float> >, std::allocator<std::vector<float, std::allocator<float> > > >)
 .text._ZN6Kalman10KalmanGainESt6vectorIS0_IfSaIfEESaIS2_EE
                0x0000000008003856      0x1ce Core/Src/kalman.o
                0x0000000008003856                Kalman::KalmanGain(std::vector<std::vector<float, std::allocator<float> >, std::allocator<std::vector<float, std::allocator<float> > > >)
 .text._ZN6Kalman6UpdateESt6vectorIS0_IfSaIfEESaIS2_EE
                0x0000000008003a24      0x1b4 Core/Src/kalman.o
                0x0000000008003a24                Kalman::Update(std::vector<std::vector<float, std::allocator<float> >, std::allocator<std::vector<float, std::allocator<float> > > >)
 .text._ZN7kf_mathC2Ev
                0x0000000008003bd8       0x3c Core/Src/kalman.o
                0x0000000008003bd8                kf_math::kf_math()
                0x0000000008003bd8                kf_math::kf_math()
 .text._ZN7kf_mathD2Ev
                0x0000000008003c14       0x16 Core/Src/kalman.o
                0x0000000008003c14                kf_math::~kf_math()
                0x0000000008003c14                kf_math::~kf_math()
 .text._ZN7kf_math8varianceEfi
                0x0000000008003c2a      0x116 Core/Src/kalman.o
                0x0000000008003c2a                kf_math::variance(float, int)
 .text._ZN9__gnu_cxx14__alloc_traitsISaISt6vectorIfSaIfEEES3_E27_S_propagate_on_copy_assignEv
                0x0000000008003d40       0x10 Core/Src/kalman.o
                0x0000000008003d40                __gnu_cxx::__alloc_traits<std::allocator<std::vector<float, std::allocator<float> > >, std::vector<float, std::allocator<float> > >::_S_propagate_on_copy_assign()
 .text._ZNSt6vectorIS_IfSaIfEESaIS1_EEaSERKS3_
                0x0000000008003d50      0x214 Core/Src/kalman.o
                0x0000000008003d50                std::vector<std::vector<float, std::allocator<float> >, std::allocator<std::vector<float, std::allocator<float> > > >::operator=(std::vector<std::vector<float, std::allocator<float> >, std::allocator<std::vector<float, std::allocator<float> > > > const&)
 .text._ZNSt6vectorIS_IfSaIfEESaIS1_EEC2ERKS3_
                0x0000000008003f64       0x7a Core/Src/kalman.o
                0x0000000008003f64                std::vector<std::vector<float, std::allocator<float> >, std::allocator<std::vector<float, std::allocator<float> > > >::vector(std::vector<std::vector<float, std::allocator<float> >, std::allocator<std::vector<float, std::allocator<float> > > > const&)
                0x0000000008003f64                std::vector<std::vector<float, std::allocator<float> >, std::allocator<std::vector<float, std::allocator<float> > > >::vector(std::vector<std::vector<float, std::allocator<float> >, std::allocator<std::vector<float, std::allocator<float> > > > const&)
 .text._ZNSt6vectorIS_IfSaIfEESaIS1_EEaSEOS3_
                0x0000000008003fde       0x2a Core/Src/kalman.o
                0x0000000008003fde                std::vector<std::vector<float, std::allocator<float> >, std::allocator<std::vector<float, std::allocator<float> > > >::operator=(std::vector<std::vector<float, std::allocator<float> >, std::allocator<std::vector<float, std::allocator<float> > > >&&)
 .text._ZNKSt12_Vector_baseISt6vectorIfSaIfEESaIS2_EE19_M_get_Tp_allocatorEv
                0x0000000008004008       0x16 Core/Src/kalman.o
                0x0000000008004008                std::_Vector_base<std::vector<float, std::allocator<float> >, std::allocator<std::vector<float, std::allocator<float> > > >::_M_get_Tp_allocator() const
 .text._ZStneRKSaISt6vectorIfSaIfEEES4_
                0x000000000800401e       0x18 Core/Src/kalman.o
                0x000000000800401e                std::operator!=(std::allocator<std::vector<float, std::allocator<float> > > const&, std::allocator<std::vector<float, std::allocator<float> > > const&)
 .text._ZNSt6vectorIS_IfSaIfEESaIS1_EE5clearEv
                0x0000000008004036       0x1c Core/Src/kalman.o
                0x0000000008004036                std::vector<std::vector<float, std::allocator<float> >, std::allocator<std::vector<float, std::allocator<float> > > >::clear()
 .text._ZSt15__alloc_on_copyISaISt6vectorIfSaIfEEEEvRT_RKS4_
                0x0000000008004052       0x1c Core/Src/kalman.o
                0x0000000008004052                void std::__alloc_on_copy<std::allocator<std::vector<float, std::allocator<float> > > >(std::allocator<std::vector<float, std::allocator<float> > >&, std::allocator<std::vector<float, std::allocator<float> > > const&)
 .text._ZNKSt6vectorIS_IfSaIfEESaIS1_EE5beginEv
                0x000000000800406e       0x28 Core/Src/kalman.o
                0x000000000800406e                std::vector<std::vector<float, std::allocator<float> >, std::allocator<std::vector<float, std::allocator<float> > > >::begin() const
 .text._ZNKSt6vectorIS_IfSaIfEESaIS1_EE3endEv
                0x0000000008004096       0x28 Core/Src/kalman.o
                0x0000000008004096                std::vector<std::vector<float, std::allocator<float> >, std::allocator<std::vector<float, std::allocator<float> > > >::end() const
 .text._ZNSt6vectorIS_IfSaIfEESaIS1_EE20_M_allocate_and_copyIN9__gnu_cxx17__normal_iteratorIPKS1_S3_EEEEPS1_jT_SB_
                0x00000000080040be       0x38 Core/Src/kalman.o
                0x00000000080040be                std::vector<float, std::allocator<float> >* std::vector<std::vector<float, std::allocator<float> >, std::allocator<std::vector<float, std::allocator<float> > > >::_M_allocate_and_copy<__gnu_cxx::__normal_iterator<std::vector<float, std::allocator<float> > const*, std::vector<std::vector<float, std::allocator<float> >, std::allocator<std::vector<float, std::allocator<float> > > > > >(unsigned int, __gnu_cxx::__normal_iterator<std::vector<float, std::allocator<float> > const*, std::vector<std::vector<float, std::allocator<float> >, std::allocator<std::vector<float, std::allocator<float> > > > >, __gnu_cxx::__normal_iterator<std::vector<float, std::allocator<float> > const*, std::vector<std::vector<float, std::allocator<float> >, std::allocator<std::vector<float, std::allocator<float> > > > >)
 .text._ZNSt6vectorIS_IfSaIfEESaIS1_EE5beginEv
                0x00000000080040f6       0x20 Core/Src/kalman.o
                0x00000000080040f6                std::vector<std::vector<float, std::allocator<float> >, std::allocator<std::vector<float, std::allocator<float> > > >::begin()
 .text._ZSt4copyIN9__gnu_cxx17__normal_iteratorIPKSt6vectorIfSaIfEES2_IS4_SaIS4_EEEENS1_IPS4_S8_EEET0_T_SD_SC_
                0x0000000008004116       0x30 Core/Src/kalman.o
                0x0000000008004116                __gnu_cxx::__normal_iterator<std::vector<float, std::allocator<float> >*, std::vector<std::vector<float, std::allocator<float> >, std::allocator<std::vector<float, std::allocator<float> > > > > std::copy<__gnu_cxx::__normal_iterator<std::vector<float, std::allocator<float> > const*, std::vector<std::vector<float, std::allocator<float> >, std::allocator<std::vector<float, std::allocator<float> > > > >, __gnu_cxx::__normal_iterator<std::vector<float, std::allocator<float> >*, std::vector<std::vector<float, std::allocator<float> >, std::allocator<std::vector<float, std::allocator<float> > > > > >(__gnu_cxx::__normal_iterator<std::vector<float, std::allocator<float> > const*, std::vector<std::vector<float, std::allocator<float> >, std::allocator<std::vector<float, std::allocator<float> > > > >, __gnu_cxx::__normal_iterator<std::vector<float, std::allocator<float> > const*, std::vector<std::vector<float, std::allocator<float> >, std::allocator<std::vector<float, std::allocator<float> > > > >, __gnu_cxx::__normal_iterator<std::vector<float, std::allocator<float> >*, std::vector<std::vector<float, std::allocator<float> >, std::allocator<std::vector<float, std::allocator<float> > > > >)
 .text._ZNSt6vectorIS_IfSaIfEESaIS1_EE3endEv
                0x0000000008004146       0x22 Core/Src/kalman.o
                0x0000000008004146                std::vector<std::vector<float, std::allocator<float> >, std::allocator<std::vector<float, std::allocator<float> > > >::end()
 .text._ZSt8_DestroyIN9__gnu_cxx17__normal_iteratorIPSt6vectorIfSaIfEES2_IS4_SaIS4_EEEES4_EvT_S9_RSaIT0_E
                0x0000000008004168       0x1c Core/Src/kalman.o
                0x0000000008004168                void std::_Destroy<__gnu_cxx::__normal_iterator<std::vector<float, std::allocator<float> >*, std::vector<std::vector<float, std::allocator<float> >, std::allocator<std::vector<float, std::allocator<float> > > > >, std::vector<float, std::allocator<float> > >(__gnu_cxx::__normal_iterator<std::vector<float, std::allocator<float> >*, std::vector<std::vector<float, std::allocator<float> >, std::allocator<std::vector<float, std::allocator<float> > > > >, __gnu_cxx::__normal_iterator<std::vector<float, std::allocator<float> >*, std::vector<std::vector<float, std::allocator<float> >, std::allocator<std::vector<float, std::allocator<float> > > > >, std::allocator<std::vector<float, std::allocator<float> > >&)
 .text._ZSt4copyIPSt6vectorIfSaIfEES3_ET0_T_S5_S4_
                0x0000000008004184       0x30 Core/Src/kalman.o